The system is: Linux - 6.10.14-linuxkit - aarch64
Compiling the C compiler identification source file "CMakeCCompilerId.c" succeeded.
Compiler: /usr/bin/cc 
Build flags: 
Id flags:  

The output was:
0


Compilation of the C compiler identification source "CMakeCCompilerId.c" produced "a.out"

The C compiler identification is GNU, found in "/data/GitHub/grapa/dep/pcre2-10.45/build_static/CMakeFiles/3.22.1/CompilerIdC/a.out"

Detecting C compiler ABI info compiled with the following output:
Change Dir: /data/GitHub/grapa/dep/pcre2-10.45/build_static/CMakeFiles/CMakeTmp

Run Build Command(s):/usr/bin/gmake -f Makefile cmTC_19b47/fast && /usr/bin/gmake  -f CMakeFiles/cmTC_19b47.dir/build.make CMakeFiles/cmTC_19b47.dir/build
gmake[1]: Entering directory '/data/GitHub/grapa/dep/pcre2-10.45/build_static/CMakeFiles/CMakeTmp'
Building C object CMakeFiles/cmTC_19b47.dir/CMakeCCompilerABI.c.o
/usr/bin/cc   -v -o CMakeFiles/cmTC_19b47.dir/CMakeCCompilerABI.c.o -c /usr/share/cmake-3.22/Modules/CMakeCCompilerABI.c
Using built-in specs.
COLLECT_GCC=/usr/bin/cc
Target: aarch64-linux-gnu
Configured with: ../src/configure -v --with-pkgversion='Ubuntu 11.4.0-1ubuntu1~22.04' --with-bugurl=file:///usr/share/doc/gcc-11/README.Bugs --enable-languages=c,ada,c++,go,d,fortran,objc,obj-c++,m2 --prefix=/usr --with-gcc-major-version-only --program-suffix=-11 --program-prefix=aarch64-linux-gnu- --enable-shared --enable-linker-build-id --libexecdir=/usr/lib --without-included-gettext --enable-threads=posix --libdir=/usr/lib --enable-nls --enable-bootstrap --enable-clocale=gnu --enable-libstdcxx-debug --enable-libstdcxx-time=yes --with-default-libstdcxx-abi=new --enable-gnu-unique-object --disable-libquadmath --disable-libquadmath-support --enable-plugin --enable-default-pie --with-system-zlib --enable-libphobos-checking=release --with-target-system-zlib=auto --enable-objc-gc=auto --enable-multiarch --enable-fix-cortex-a53-843419 --disable-werror --enable-checking=release --build=aarch64-linux-gnu --host=aarch64-linux-gnu --target=aarch64-linux-gnu --with-build-config=bootstrap-lto-lean --enable-link-serialization=2
Thread model: posix
Supported LTO compression algorithms: zlib zstd
gcc version 11.4.0 (Ubuntu 11.4.0-1ubuntu1~22.04) 
COLLECT_GCC_OPTIONS='-v' '-o' 'CMakeFiles/cmTC_19b47.dir/CMakeCCompilerABI.c.o' '-c' '-mlittle-endian' '-mabi=lp64' '-dumpdir' 'CMakeFiles/cmTC_19b47.dir/'
 /usr/lib/gcc/aarch64-linux-gnu/11/cc1 -quiet -v -imultiarch aarch64-linux-gnu /usr/share/cmake-3.22/Modules/CMakeCCompilerABI.c -quiet -dumpdir CMakeFiles/cmTC_19b47.dir/ -dumpbase CMakeCCompilerABI.c.c -dumpbase-ext .c -mlittle-endian -mabi=lp64 -version -fasynchronous-unwind-tables -fstack-protector-strong -Wformat -Wformat-security -fstack-clash-protection -o /tmp/cck0MBpG.s
GNU C17 (Ubuntu 11.4.0-1ubuntu1~22.04) version 11.4.0 (aarch64-linux-gnu)
	compiled by GNU C version 11.4.0, GMP version 6.2.1, MPFR version 4.1.0, MPC version 1.2.1, isl version isl-0.24-GMP

GGC heuristics: --param ggc-min-expand=100 --param ggc-min-heapsize=131072
ignoring nonexistent directory "/usr/local/include/aarch64-linux-gnu"
ignoring nonexistent directory "/usr/lib/gcc/aarch64-linux-gnu/11/include-fixed"
ignoring nonexistent directory "/usr/lib/gcc/aarch64-linux-gnu/11/../../../../aarch64-linux-gnu/include"
#include "..." search starts here:
#include <...> search starts here:
 /usr/lib/gcc/aarch64-linux-gnu/11/include
 /usr/local/include
 /usr/include/aarch64-linux-gnu
 /usr/include
End of search list.
GNU C17 (Ubuntu 11.4.0-1ubuntu1~22.04) version 11.4.0 (aarch64-linux-gnu)
	compiled by GNU C version 11.4.0, GMP version 6.2.1, MPFR version 4.1.0, MPC version 1.2.1, isl version isl-0.24-GMP

GGC heuristics: --param ggc-min-expand=100 --param ggc-min-heapsize=131072
Compiler executable checksum: 52ed857e9cd110e5efaa797811afcfbb
COLLECT_GCC_OPTIONS='-v' '-o' 'CMakeFiles/cmTC_19b47.dir/CMakeCCompilerABI.c.o' '-c' '-mlittle-endian' '-mabi=lp64' '-dumpdir' 'CMakeFiles/cmTC_19b47.dir/'
 as -v -EL -mabi=lp64 -o CMakeFiles/cmTC_19b47.dir/CMakeCCompilerABI.c.o /tmp/cck0MBpG.s
GNU assembler version 2.38 (aarch64-linux-gnu) using BFD version (GNU Binutils for Ubuntu) 2.38
COMPILER_PATH=/usr/lib/gcc/aarch64-linux-gnu/11/:/usr/lib/gcc/aarch64-linux-gnu/11/:/usr/lib/gcc/aarch64-linux-gnu/:/usr/lib/gcc/aarch64-linux-gnu/11/:/usr/lib/gcc/aarch64-linux-gnu/
LIBRARY_PATH=/usr/lib/gcc/aarch64-linux-gnu/11/:/usr/lib/gcc/aarch64-linux-gnu/11/../../../aarch64-linux-gnu/:/usr/lib/gcc/aarch64-linux-gnu/11/../../../../lib/:/lib/aarch64-linux-gnu/:/lib/../lib/:/usr/lib/aarch64-linux-gnu/:/usr/lib/../lib/:/usr/lib/gcc/aarch64-linux-gnu/11/../../../:/lib/:/usr/lib/
COLLECT_GCC_OPTIONS='-v' '-o' 'CMakeFiles/cmTC_19b47.dir/CMakeCCompilerABI.c.o' '-c' '-mlittle-endian' '-mabi=lp64' '-dumpdir' 'CMakeFiles/cmTC_19b47.dir/CMakeCCompilerABI.c.'
Linking C executable cmTC_19b47
/usr/bin/cmake -E cmake_link_script CMakeFiles/cmTC_19b47.dir/link.txt --verbose=1
/usr/bin/cc  -v CMakeFiles/cmTC_19b47.dir/CMakeCCompilerABI.c.o -o cmTC_19b47 
Using built-in specs.
COLLECT_GCC=/usr/bin/cc
COLLECT_LTO_WRAPPER=/usr/lib/gcc/aarch64-linux-gnu/11/lto-wrapper
Target: aarch64-linux-gnu
Configured with: ../src/configure -v --with-pkgversion='Ubuntu 11.4.0-1ubuntu1~22.04' --with-bugurl=file:///usr/share/doc/gcc-11/README.Bugs --enable-languages=c,ada,c++,go,d,fortran,objc,obj-c++,m2 --prefix=/usr --with-gcc-major-version-only --program-suffix=-11 --program-prefix=aarch64-linux-gnu- --enable-shared --enable-linker-build-id --libexecdir=/usr/lib --without-included-gettext --enable-threads=posix --libdir=/usr/lib --enable-nls --enable-bootstrap --enable-clocale=gnu --enable-libstdcxx-debug --enable-libstdcxx-time=yes --with-default-libstdcxx-abi=new --enable-gnu-unique-object --disable-libquadmath --disable-libquadmath-support --enable-plugin --enable-default-pie --with-system-zlib --enable-libphobos-checking=release --with-target-system-zlib=auto --enable-objc-gc=auto --enable-multiarch --enable-fix-cortex-a53-843419 --disable-werror --enable-checking=release --build=aarch64-linux-gnu --host=aarch64-linux-gnu --target=aarch64-linux-gnu --with-build-config=bootstrap-lto-lean --enable-link-serialization=2
Thread model: posix
Supported LTO compression algorithms: zlib zstd
gcc version 11.4.0 (Ubuntu 11.4.0-1ubuntu1~22.04) 
COMPILER_PATH=/usr/lib/gcc/aarch64-linux-gnu/11/:/usr/lib/gcc/aarch64-linux-gnu/11/:/usr/lib/gcc/aarch64-linux-gnu/:/usr/lib/gcc/aarch64-linux-gnu/11/:/usr/lib/gcc/aarch64-linux-gnu/
LIBRARY_PATH=/usr/lib/gcc/aarch64-linux-gnu/11/:/usr/lib/gcc/aarch64-linux-gnu/11/../../../aarch64-linux-gnu/:/usr/lib/gcc/aarch64-linux-gnu/11/../../../../lib/:/lib/aarch64-linux-gnu/:/lib/../lib/:/usr/lib/aarch64-linux-gnu/:/usr/lib/../lib/:/usr/lib/gcc/aarch64-linux-gnu/11/../../../:/lib/:/usr/lib/
COLLECT_GCC_OPTIONS='-v' '-o' 'cmTC_19b47' '-mlittle-endian' '-mabi=lp64' '-dumpdir' 'cmTC_19b47.'
 /usr/lib/gcc/aarch64-linux-gnu/11/collect2 -plugin /usr/lib/gcc/aarch64-linux-gnu/11/liblto_plugin.so -plugin-opt=/usr/lib/gcc/aarch64-linux-gnu/11/lto-wrapper -plugin-opt=-fresolution=/tmp/cc3c0H7S.res -plugin-opt=-pass-through=-lgcc -plugin-opt=-pass-through=-lgcc_s -plugin-opt=-pass-through=-lc -plugin-opt=-pass-through=-lgcc -plugin-opt=-pass-through=-lgcc_s --build-id --eh-frame-hdr --hash-style=gnu --as-needed -dynamic-linker /lib/ld-linux-aarch64.so.1 -X -EL -maarch64linux --fix-cortex-a53-843419 -pie -z now -z relro -o cmTC_19b47 /usr/lib/gcc/aarch64-linux-gnu/11/../../../aarch64-linux-gnu/Scrt1.o /usr/lib/gcc/aarch64-linux-gnu/11/../../../aarch64-linux-gnu/crti.o /usr/lib/gcc/aarch64-linux-gnu/11/crtbeginS.o -L/usr/lib/gcc/aarch64-linux-gnu/11 -L/usr/lib/gcc/aarch64-linux-gnu/11/../../../aarch64-linux-gnu -L/usr/lib/gcc/aarch64-linux-gnu/11/../../../../lib -L/lib/aarch64-linux-gnu -L/lib/../lib -L/usr/lib/aarch64-linux-gnu -L/usr/lib/../lib -L/usr/lib/gcc/aarch64-linux-gnu/11/../../.. CMakeFiles/cmTC_19b47.dir/CMakeCCompilerABI.c.o -lgcc --push-state --as-needed -lgcc_s --pop-state -lc -lgcc --push-state --as-needed -lgcc_s --pop-state /usr/lib/gcc/aarch64-linux-gnu/11/crtendS.o /usr/lib/gcc/aarch64-linux-gnu/11/../../../aarch64-linux-gnu/crtn.o
COLLECT_GCC_OPTIONS='-v' '-o' 'cmTC_19b47' '-mlittle-endian' '-mabi=lp64' '-dumpdir' 'cmTC_19b47.'
gmake[1]: Leaving directory '/data/GitHub/grapa/dep/pcre2-10.45/build_static/CMakeFiles/CMakeTmp'



Parsed C implicit include dir info from above output: rv=done
  found start of include info
  found start of implicit include info
    add: [/usr/lib/gcc/aarch64-linux-gnu/11/include]
    add: [/usr/local/include]
    add: [/usr/include/aarch64-linux-gnu]
    add: [/usr/include]
  end of search list found
  collapse include dir [/usr/lib/gcc/aarch64-linux-gnu/11/include] ==> [/usr/lib/gcc/aarch64-linux-gnu/11/include]
  collapse include dir [/usr/local/include] ==> [/usr/local/include]
  collapse include dir [/usr/include/aarch64-linux-gnu] ==> [/usr/include/aarch64-linux-gnu]
  collapse include dir [/usr/include] ==> [/usr/include]
  implicit include dirs: [/usr/lib/gcc/aarch64-linux-gnu/11/include;/usr/local/include;/usr/include/aarch64-linux-gnu;/usr/include]


Parsed C implicit link information from above output:
  link line regex: [^( *|.*[/\])(ld|CMAKE_LINK_STARTFILE-NOTFOUND|([^/\]+-)?ld|collect2)[^/\]*( |$)]
  ignore line: [Change Dir: /data/GitHub/grapa/dep/pcre2-10.45/build_static/CMakeFiles/CMakeTmp]
  ignore line: []
  ignore line: [Run Build Command(s):/usr/bin/gmake -f Makefile cmTC_19b47/fast && /usr/bin/gmake  -f CMakeFiles/cmTC_19b47.dir/build.make CMakeFiles/cmTC_19b47.dir/build]
  ignore line: [gmake[1]: Entering directory '/data/GitHub/grapa/dep/pcre2-10.45/build_static/CMakeFiles/CMakeTmp']
  ignore line: [Building C object CMakeFiles/cmTC_19b47.dir/CMakeCCompilerABI.c.o]
  ignore line: [/usr/bin/cc   -v -o CMakeFiles/cmTC_19b47.dir/CMakeCCompilerABI.c.o -c /usr/share/cmake-3.22/Modules/CMakeCCompilerABI.c]
  ignore line: [Using built-in specs.]
  ignore line: [COLLECT_GCC=/usr/bin/cc]
  ignore line: [Target: aarch64-linux-gnu]
  ignore line: [Configured with: ../src/configure -v --with-pkgversion='Ubuntu 11.4.0-1ubuntu1~22.04' --with-bugurl=file:///usr/share/doc/gcc-11/README.Bugs --enable-languages=c ada c++ go d fortran objc obj-c++ m2 --prefix=/usr --with-gcc-major-version-only --program-suffix=-11 --program-prefix=aarch64-linux-gnu- --enable-shared --enable-linker-build-id --libexecdir=/usr/lib --without-included-gettext --enable-threads=posix --libdir=/usr/lib --enable-nls --enable-bootstrap --enable-clocale=gnu --enable-libstdcxx-debug --enable-libstdcxx-time=yes --with-default-libstdcxx-abi=new --enable-gnu-unique-object --disable-libquadmath --disable-libquadmath-support --enable-plugin --enable-default-pie --with-system-zlib --enable-libphobos-checking=release --with-target-system-zlib=auto --enable-objc-gc=auto --enable-multiarch --enable-fix-cortex-a53-843419 --disable-werror --enable-checking=release --build=aarch64-linux-gnu --host=aarch64-linux-gnu --target=aarch64-linux-gnu --with-build-config=bootstrap-lto-lean --enable-link-serialization=2]
  ignore line: [Thread model: posix]
  ignore line: [Supported LTO compression algorithms: zlib zstd]
  ignore line: [gcc version 11.4.0 (Ubuntu 11.4.0-1ubuntu1~22.04) ]
  ignore line: [COLLECT_GCC_OPTIONS='-v' '-o' 'CMakeFiles/cmTC_19b47.dir/CMakeCCompilerABI.c.o' '-c' '-mlittle-endian' '-mabi=lp64' '-dumpdir' 'CMakeFiles/cmTC_19b47.dir/']
  ignore line: [ /usr/lib/gcc/aarch64-linux-gnu/11/cc1 -quiet -v -imultiarch aarch64-linux-gnu /usr/share/cmake-3.22/Modules/CMakeCCompilerABI.c -quiet -dumpdir CMakeFiles/cmTC_19b47.dir/ -dumpbase CMakeCCompilerABI.c.c -dumpbase-ext .c -mlittle-endian -mabi=lp64 -version -fasynchronous-unwind-tables -fstack-protector-strong -Wformat -Wformat-security -fstack-clash-protection -o /tmp/cck0MBpG.s]
  ignore line: [GNU C17 (Ubuntu 11.4.0-1ubuntu1~22.04) version 11.4.0 (aarch64-linux-gnu)]
  ignore line: [	compiled by GNU C version 11.4.0  GMP version 6.2.1  MPFR version 4.1.0  MPC version 1.2.1  isl version isl-0.24-GMP]
  ignore line: []
  ignore line: [GGC heuristics: --param ggc-min-expand=100 --param ggc-min-heapsize=131072]
  ignore line: [ignoring nonexistent directory "/usr/local/include/aarch64-linux-gnu"]
  ignore line: [ignoring nonexistent directory "/usr/lib/gcc/aarch64-linux-gnu/11/include-fixed"]
  ignore line: [ignoring nonexistent directory "/usr/lib/gcc/aarch64-linux-gnu/11/../../../../aarch64-linux-gnu/include"]
  ignore line: [#include "..." search starts here:]
  ignore line: [#include <...> search starts here:]
  ignore line: [ /usr/lib/gcc/aarch64-linux-gnu/11/include]
  ignore line: [ /usr/local/include]
  ignore line: [ /usr/include/aarch64-linux-gnu]
  ignore line: [ /usr/include]
  ignore line: [End of search list.]
  ignore line: [GNU C17 (Ubuntu 11.4.0-1ubuntu1~22.04) version 11.4.0 (aarch64-linux-gnu)]
  ignore line: [	compiled by GNU C version 11.4.0  GMP version 6.2.1  MPFR version 4.1.0  MPC version 1.2.1  isl version isl-0.24-GMP]
  ignore line: []
  ignore line: [GGC heuristics: --param ggc-min-expand=100 --param ggc-min-heapsize=131072]
  ignore line: [Compiler executable checksum: 52ed857e9cd110e5efaa797811afcfbb]
  ignore line: [COLLECT_GCC_OPTIONS='-v' '-o' 'CMakeFiles/cmTC_19b47.dir/CMakeCCompilerABI.c.o' '-c' '-mlittle-endian' '-mabi=lp64' '-dumpdir' 'CMakeFiles/cmTC_19b47.dir/']
  ignore line: [ as -v -EL -mabi=lp64 -o CMakeFiles/cmTC_19b47.dir/CMakeCCompilerABI.c.o /tmp/cck0MBpG.s]
  ignore line: [GNU assembler version 2.38 (aarch64-linux-gnu) using BFD version (GNU Binutils for Ubuntu) 2.38]
  ignore line: [COMPILER_PATH=/usr/lib/gcc/aarch64-linux-gnu/11/:/usr/lib/gcc/aarch64-linux-gnu/11/:/usr/lib/gcc/aarch64-linux-gnu/:/usr/lib/gcc/aarch64-linux-gnu/11/:/usr/lib/gcc/aarch64-linux-gnu/]
  ignore line: [LIBRARY_PATH=/usr/lib/gcc/aarch64-linux-gnu/11/:/usr/lib/gcc/aarch64-linux-gnu/11/../../../aarch64-linux-gnu/:/usr/lib/gcc/aarch64-linux-gnu/11/../../../../lib/:/lib/aarch64-linux-gnu/:/lib/../lib/:/usr/lib/aarch64-linux-gnu/:/usr/lib/../lib/:/usr/lib/gcc/aarch64-linux-gnu/11/../../../:/lib/:/usr/lib/]
  ignore line: [COLLECT_GCC_OPTIONS='-v' '-o' 'CMakeFiles/cmTC_19b47.dir/CMakeCCompilerABI.c.o' '-c' '-mlittle-endian' '-mabi=lp64' '-dumpdir' 'CMakeFiles/cmTC_19b47.dir/CMakeCCompilerABI.c.']
  ignore line: [Linking C executable cmTC_19b47]
  ignore line: [/usr/bin/cmake -E cmake_link_script CMakeFiles/cmTC_19b47.dir/link.txt --verbose=1]
  ignore line: [/usr/bin/cc  -v CMakeFiles/cmTC_19b47.dir/CMakeCCompilerABI.c.o -o cmTC_19b47 ]
  ignore line: [Using built-in specs.]
  ignore line: [COLLECT_GCC=/usr/bin/cc]
  ignore line: [COLLECT_LTO_WRAPPER=/usr/lib/gcc/aarch64-linux-gnu/11/lto-wrapper]
  ignore line: [Target: aarch64-linux-gnu]
  ignore line: [Configured with: ../src/configure -v --with-pkgversion='Ubuntu 11.4.0-1ubuntu1~22.04' --with-bugurl=file:///usr/share/doc/gcc-11/README.Bugs --enable-languages=c ada c++ go d fortran objc obj-c++ m2 --prefix=/usr --with-gcc-major-version-only --program-suffix=-11 --program-prefix=aarch64-linux-gnu- --enable-shared --enable-linker-build-id --libexecdir=/usr/lib --without-included-gettext --enable-threads=posix --libdir=/usr/lib --enable-nls --enable-bootstrap --enable-clocale=gnu --enable-libstdcxx-debug --enable-libstdcxx-time=yes --with-default-libstdcxx-abi=new --enable-gnu-unique-object --disable-libquadmath --disable-libquadmath-support --enable-plugin --enable-default-pie --with-system-zlib --enable-libphobos-checking=release --with-target-system-zlib=auto --enable-objc-gc=auto --enable-multiarch --enable-fix-cortex-a53-843419 --disable-werror --enable-checking=release --build=aarch64-linux-gnu --host=aarch64-linux-gnu --target=aarch64-linux-gnu --with-build-config=bootstrap-lto-lean --enable-link-serialization=2]
  ignore line: [Thread model: posix]
  ignore line: [Supported LTO compression algorithms: zlib zstd]
  ignore line: [gcc version 11.4.0 (Ubuntu 11.4.0-1ubuntu1~22.04) ]
  ignore line: [COMPILER_PATH=/usr/lib/gcc/aarch64-linux-gnu/11/:/usr/lib/gcc/aarch64-linux-gnu/11/:/usr/lib/gcc/aarch64-linux-gnu/:/usr/lib/gcc/aarch64-linux-gnu/11/:/usr/lib/gcc/aarch64-linux-gnu/]
  ignore line: [LIBRARY_PATH=/usr/lib/gcc/aarch64-linux-gnu/11/:/usr/lib/gcc/aarch64-linux-gnu/11/../../../aarch64-linux-gnu/:/usr/lib/gcc/aarch64-linux-gnu/11/../../../../lib/:/lib/aarch64-linux-gnu/:/lib/../lib/:/usr/lib/aarch64-linux-gnu/:/usr/lib/../lib/:/usr/lib/gcc/aarch64-linux-gnu/11/../../../:/lib/:/usr/lib/]
  ignore line: [COLLECT_GCC_OPTIONS='-v' '-o' 'cmTC_19b47' '-mlittle-endian' '-mabi=lp64' '-dumpdir' 'cmTC_19b47.']
  link line: [ /usr/lib/gcc/aarch64-linux-gnu/11/collect2 -plugin /usr/lib/gcc/aarch64-linux-gnu/11/liblto_plugin.so -plugin-opt=/usr/lib/gcc/aarch64-linux-gnu/11/lto-wrapper -plugin-opt=-fresolution=/tmp/cc3c0H7S.res -plugin-opt=-pass-through=-lgcc -plugin-opt=-pass-through=-lgcc_s -plugin-opt=-pass-through=-lc -plugin-opt=-pass-through=-lgcc -plugin-opt=-pass-through=-lgcc_s --build-id --eh-frame-hdr --hash-style=gnu --as-needed -dynamic-linker /lib/ld-linux-aarch64.so.1 -X -EL -maarch64linux --fix-cortex-a53-843419 -pie -z now -z relro -o cmTC_19b47 /usr/lib/gcc/aarch64-linux-gnu/11/../../../aarch64-linux-gnu/Scrt1.o /usr/lib/gcc/aarch64-linux-gnu/11/../../../aarch64-linux-gnu/crti.o /usr/lib/gcc/aarch64-linux-gnu/11/crtbeginS.o -L/usr/lib/gcc/aarch64-linux-gnu/11 -L/usr/lib/gcc/aarch64-linux-gnu/11/../../../aarch64-linux-gnu -L/usr/lib/gcc/aarch64-linux-gnu/11/../../../../lib -L/lib/aarch64-linux-gnu -L/lib/../lib -L/usr/lib/aarch64-linux-gnu -L/usr/lib/../lib -L/usr/lib/gcc/aarch64-linux-gnu/11/../../.. CMakeFiles/cmTC_19b47.dir/CMakeCCompilerABI.c.o -lgcc --push-state --as-needed -lgcc_s --pop-state -lc -lgcc --push-state --as-needed -lgcc_s --pop-state /usr/lib/gcc/aarch64-linux-gnu/11/crtendS.o /usr/lib/gcc/aarch64-linux-gnu/11/../../../aarch64-linux-gnu/crtn.o]
    arg [/usr/lib/gcc/aarch64-linux-gnu/11/collect2] ==> ignore
    arg [-plugin] ==> ignore
    arg [/usr/lib/gcc/aarch64-linux-gnu/11/liblto_plugin.so] ==> ignore
    arg [-plugin-opt=/usr/lib/gcc/aarch64-linux-gnu/11/lto-wrapper] ==> ignore
    arg [-plugin-opt=-fresolution=/tmp/cc3c0H7S.res] ==> ignore
    arg [-plugin-opt=-pass-through=-lgcc] ==> ignore
    arg [-plugin-opt=-pass-through=-lgcc_s] ==> ignore
    arg [-plugin-opt=-pass-through=-lc] ==> ignore
    arg [-plugin-opt=-pass-through=-lgcc] ==> ignore
    arg [-plugin-opt=-pass-through=-lgcc_s] ==> ignore
    arg [--build-id] ==> ignore
    arg [--eh-frame-hdr] ==> ignore
    arg [--hash-style=gnu] ==> ignore
    arg [--as-needed] ==> ignore
    arg [-dynamic-linker] ==> ignore
    arg [/lib/ld-linux-aarch64.so.1] ==> ignore
    arg [-X] ==> ignore
    arg [-EL] ==> ignore
    arg [-maarch64linux] ==> ignore
    arg [--fix-cortex-a53-843419] ==> ignore
    arg [-pie] ==> ignore
    arg [-znow] ==> ignore
    arg [-zrelro] ==> ignore
    arg [-o] ==> ignore
    arg [cmTC_19b47] ==> ignore
    arg [/usr/lib/gcc/aarch64-linux-gnu/11/../../../aarch64-linux-gnu/Scrt1.o] ==> obj [/usr/lib/gcc/aarch64-linux-gnu/11/../../../aarch64-linux-gnu/Scrt1.o]
    arg [/usr/lib/gcc/aarch64-linux-gnu/11/../../../aarch64-linux-gnu/crti.o] ==> obj [/usr/lib/gcc/aarch64-linux-gnu/11/../../../aarch64-linux-gnu/crti.o]
    arg [/usr/lib/gcc/aarch64-linux-gnu/11/crtbeginS.o] ==> obj [/usr/lib/gcc/aarch64-linux-gnu/11/crtbeginS.o]
    arg [-L/usr/lib/gcc/aarch64-linux-gnu/11] ==> dir [/usr/lib/gcc/aarch64-linux-gnu/11]
    arg [-L/usr/lib/gcc/aarch64-linux-gnu/11/../../../aarch64-linux-gnu] ==> dir [/usr/lib/gcc/aarch64-linux-gnu/11/../../../aarch64-linux-gnu]
    arg [-L/usr/lib/gcc/aarch64-linux-gnu/11/../../../../lib] ==> dir [/usr/lib/gcc/aarch64-linux-gnu/11/../../../../lib]
    arg [-L/lib/aarch64-linux-gnu] ==> dir [/lib/aarch64-linux-gnu]
    arg [-L/lib/../lib] ==> dir [/lib/../lib]
    arg [-L/usr/lib/aarch64-linux-gnu] ==> dir [/usr/lib/aarch64-linux-gnu]
    arg [-L/usr/lib/../lib] ==> dir [/usr/lib/../lib]
    arg [-L/usr/lib/gcc/aarch64-linux-gnu/11/../../..] ==> dir [/usr/lib/gcc/aarch64-linux-gnu/11/../../..]
    arg [CMakeFiles/cmTC_19b47.dir/CMakeCCompilerABI.c.o] ==> ignore
    arg [-lgcc] ==> lib [gcc]
    arg [--push-state] ==> ignore
    arg [--as-needed] ==> ignore
    arg [-lgcc_s] ==> lib [gcc_s]
    arg [--pop-state] ==> ignore
    arg [-lc] ==> lib [c]
    arg [-lgcc] ==> lib [gcc]
    arg [--push-state] ==> ignore
    arg [--as-needed] ==> ignore
    arg [-lgcc_s] ==> lib [gcc_s]
    arg [--pop-state] ==> ignore
    arg [/usr/lib/gcc/aarch64-linux-gnu/11/crtendS.o] ==> obj [/usr/lib/gcc/aarch64-linux-gnu/11/crtendS.o]
    arg [/usr/lib/gcc/aarch64-linux-gnu/11/../../../aarch64-linux-gnu/crtn.o] ==> obj [/usr/lib/gcc/aarch64-linux-gnu/11/../../../aarch64-linux-gnu/crtn.o]
  collapse obj [/usr/lib/gcc/aarch64-linux-gnu/11/../../../aarch64-linux-gnu/Scrt1.o] ==> [/usr/lib/aarch64-linux-gnu/Scrt1.o]
  collapse obj [/usr/lib/gcc/aarch64-linux-gnu/11/../../../aarch64-linux-gnu/crti.o] ==> [/usr/lib/aarch64-linux-gnu/crti.o]
  collapse obj [/usr/lib/gcc/aarch64-linux-gnu/11/../../../aarch64-linux-gnu/crtn.o] ==> [/usr/lib/aarch64-linux-gnu/crtn.o]
  collapse library dir [/usr/lib/gcc/aarch64-linux-gnu/11] ==> [/usr/lib/gcc/aarch64-linux-gnu/11]
  collapse library dir [/usr/lib/gcc/aarch64-linux-gnu/11/../../../aarch64-linux-gnu] ==> [/usr/lib/aarch64-linux-gnu]
  collapse library dir [/usr/lib/gcc/aarch64-linux-gnu/11/../../../../lib] ==> [/usr/lib]
  collapse library dir [/lib/aarch64-linux-gnu] ==> [/lib/aarch64-linux-gnu]
  collapse library dir [/lib/../lib] ==> [/lib]
  collapse library dir [/usr/lib/aarch64-linux-gnu] ==> [/usr/lib/aarch64-linux-gnu]
  collapse library dir [/usr/lib/../lib] ==> [/usr/lib]
  collapse library dir [/usr/lib/gcc/aarch64-linux-gnu/11/../../..] ==> [/usr/lib]
  implicit libs: [gcc;gcc_s;c;gcc;gcc_s]
  implicit objs: [/usr/lib/aarch64-linux-gnu/Scrt1.o;/usr/lib/aarch64-linux-gnu/crti.o;/usr/lib/gcc/aarch64-linux-gnu/11/crtbeginS.o;/usr/lib/gcc/aarch64-linux-gnu/11/crtendS.o;/usr/lib/aarch64-linux-gnu/crtn.o]
  implicit dirs: [/usr/lib/gcc/aarch64-linux-gnu/11;/usr/lib/aarch64-linux-gnu;/usr/lib;/lib/aarch64-linux-gnu;/lib]
  implicit fwks: []


Determining if the include file assert.h exists passed with the following output:
Change Dir: /data/GitHub/grapa/dep/pcre2-10.45/build_static/CMakeFiles/CMakeTmp

Run Build Command(s):/usr/bin/gmake -f Makefile cmTC_1ec18/fast && /usr/bin/gmake  -f CMakeFiles/cmTC_1ec18.dir/build.make CMakeFiles/cmTC_1ec18.dir/build
gmake[1]: Entering directory '/data/GitHub/grapa/dep/pcre2-10.45/build_static/CMakeFiles/CMakeTmp'
Building C object CMakeFiles/cmTC_1ec18.dir/CheckIncludeFile.c.o
/usr/bin/cc   -std=gnu99 -o CMakeFiles/cmTC_1ec18.dir/CheckIncludeFile.c.o -c /data/GitHub/grapa/dep/pcre2-10.45/build_static/CMakeFiles/CMakeTmp/CheckIncludeFile.c
Linking C executable cmTC_1ec18
/usr/bin/cmake -E cmake_link_script CMakeFiles/cmTC_1ec18.dir/link.txt --verbose=1
/usr/bin/cc CMakeFiles/cmTC_1ec18.dir/CheckIncludeFile.c.o -o cmTC_1ec18 
gmake[1]: Leaving directory '/data/GitHub/grapa/dep/pcre2-10.45/build_static/CMakeFiles/CMakeTmp'



Determining if the include file dirent.h exists passed with the following output:
Change Dir: /data/GitHub/grapa/dep/pcre2-10.45/build_static/CMakeFiles/CMakeTmp

Run Build Command(s):/usr/bin/gmake -f Makefile cmTC_118c6/fast && /usr/bin/gmake  -f CMakeFiles/cmTC_118c6.dir/build.make CMakeFiles/cmTC_118c6.dir/build
gmake[1]: Entering directory '/data/GitHub/grapa/dep/pcre2-10.45/build_static/CMakeFiles/CMakeTmp'
Building C object CMakeFiles/cmTC_118c6.dir/CheckIncludeFile.c.o
/usr/bin/cc   -std=gnu99 -o CMakeFiles/cmTC_118c6.dir/CheckIncludeFile.c.o -c /data/GitHub/grapa/dep/pcre2-10.45/build_static/CMakeFiles/CMakeTmp/CheckIncludeFile.c
Linking C executable cmTC_118c6
/usr/bin/cmake -E cmake_link_script CMakeFiles/cmTC_118c6.dir/link.txt --verbose=1
/usr/bin/cc CMakeFiles/cmTC_118c6.dir/CheckIncludeFile.c.o -o cmTC_118c6 
gmake[1]: Leaving directory '/data/GitHub/grapa/dep/pcre2-10.45/build_static/CMakeFiles/CMakeTmp'



Determining if the include file sys/stat.h exists passed with the following output:
Change Dir: /data/GitHub/grapa/dep/pcre2-10.45/build_static/CMakeFiles/CMakeTmp

Run Build Command(s):/usr/bin/gmake -f Makefile cmTC_7b191/fast && /usr/bin/gmake  -f CMakeFiles/cmTC_7b191.dir/build.make CMakeFiles/cmTC_7b191.dir/build
gmake[1]: Entering directory '/data/GitHub/grapa/dep/pcre2-10.45/build_static/CMakeFiles/CMakeTmp'
Building C object CMakeFiles/cmTC_7b191.dir/CheckIncludeFile.c.o
/usr/bin/cc   -std=gnu99 -o CMakeFiles/cmTC_7b191.dir/CheckIncludeFile.c.o -c /data/GitHub/grapa/dep/pcre2-10.45/build_static/CMakeFiles/CMakeTmp/CheckIncludeFile.c
Linking C executable cmTC_7b191
/usr/bin/cmake -E cmake_link_script CMakeFiles/cmTC_7b191.dir/link.txt --verbose=1
/usr/bin/cc CMakeFiles/cmTC_7b191.dir/CheckIncludeFile.c.o -o cmTC_7b191 
gmake[1]: Leaving directory '/data/GitHub/grapa/dep/pcre2-10.45/build_static/CMakeFiles/CMakeTmp'



Determining if the include file sys/types.h exists passed with the following output:
Change Dir: /data/GitHub/grapa/dep/pcre2-10.45/build_static/CMakeFiles/CMakeTmp

Run Build Command(s):/usr/bin/gmake -f Makefile cmTC_0198c/fast && /usr/bin/gmake  -f CMakeFiles/cmTC_0198c.dir/build.make CMakeFiles/cmTC_0198c.dir/build
gmake[1]: Entering directory '/data/GitHub/grapa/dep/pcre2-10.45/build_static/CMakeFiles/CMakeTmp'
Building C object CMakeFiles/cmTC_0198c.dir/CheckIncludeFile.c.o
/usr/bin/cc   -std=gnu99 -o CMakeFiles/cmTC_0198c.dir/CheckIncludeFile.c.o -c /data/GitHub/grapa/dep/pcre2-10.45/build_static/CMakeFiles/CMakeTmp/CheckIncludeFile.c
Linking C executable cmTC_0198c
/usr/bin/cmake -E cmake_link_script CMakeFiles/cmTC_0198c.dir/link.txt --verbose=1
/usr/bin/cc CMakeFiles/cmTC_0198c.dir/CheckIncludeFile.c.o -o cmTC_0198c 
gmake[1]: Leaving directory '/data/GitHub/grapa/dep/pcre2-10.45/build_static/CMakeFiles/CMakeTmp'



Determining if the include file unistd.h exists passed with the following output:
Change Dir: /data/GitHub/grapa/dep/pcre2-10.45/build_static/CMakeFiles/CMakeTmp

Run Build Command(s):/usr/bin/gmake -f Makefile cmTC_8f065/fast && /usr/bin/gmake  -f CMakeFiles/cmTC_8f065.dir/build.make CMakeFiles/cmTC_8f065.dir/build
gmake[1]: Entering directory '/data/GitHub/grapa/dep/pcre2-10.45/build_static/CMakeFiles/CMakeTmp'
Building C object CMakeFiles/cmTC_8f065.dir/CheckIncludeFile.c.o
/usr/bin/cc   -std=gnu99 -o CMakeFiles/cmTC_8f065.dir/CheckIncludeFile.c.o -c /data/GitHub/grapa/dep/pcre2-10.45/build_static/CMakeFiles/CMakeTmp/CheckIncludeFile.c
Linking C executable cmTC_8f065
/usr/bin/cmake -E cmake_link_script CMakeFiles/cmTC_8f065.dir/link.txt --verbose=1
/usr/bin/cc CMakeFiles/cmTC_8f065.dir/CheckIncludeFile.c.o -o cmTC_8f065 
gmake[1]: Leaving directory '/data/GitHub/grapa/dep/pcre2-10.45/build_static/CMakeFiles/CMakeTmp'



Determining if the bcopy exist passed with the following output:
Change Dir: /data/GitHub/grapa/dep/pcre2-10.45/build_static/CMakeFiles/CMakeTmp

Run Build Command(s):/usr/bin/gmake -f Makefile cmTC_e0434/fast && /usr/bin/gmake  -f CMakeFiles/cmTC_e0434.dir/build.make CMakeFiles/cmTC_e0434.dir/build
gmake[1]: Entering directory '/data/GitHub/grapa/dep/pcre2-10.45/build_static/CMakeFiles/CMakeTmp'
Building C object CMakeFiles/cmTC_e0434.dir/CheckSymbolExists.c.o
/usr/bin/cc   -std=gnu99 -o CMakeFiles/cmTC_e0434.dir/CheckSymbolExists.c.o -c /data/GitHub/grapa/dep/pcre2-10.45/build_static/CMakeFiles/CMakeTmp/CheckSymbolExists.c
Linking C executable cmTC_e0434
/usr/bin/cmake -E cmake_link_script CMakeFiles/cmTC_e0434.dir/link.txt --verbose=1
/usr/bin/cc CMakeFiles/cmTC_e0434.dir/CheckSymbolExists.c.o -o cmTC_e0434 
gmake[1]: Leaving directory '/data/GitHub/grapa/dep/pcre2-10.45/build_static/CMakeFiles/CMakeTmp'


File /data/GitHub/grapa/dep/pcre2-10.45/build_static/CMakeFiles/CMakeTmp/CheckSymbolExists.c:
/* */
#include <strings.h>

int main(int argc, char** argv)
{
  (void)argv;
#ifndef bcopy
  return ((int*)(&bcopy))[argc];
#else
  (void)argc;
  return 0;
#endif
}
Determining if the memmove exist passed with the following output:
Change Dir: /data/GitHub/grapa/dep/pcre2-10.45/build_static/CMakeFiles/CMakeTmp

Run Build Command(s):/usr/bin/gmake -f Makefile cmTC_191c5/fast && /usr/bin/gmake  -f CMakeFiles/cmTC_191c5.dir/build.make CMakeFiles/cmTC_191c5.dir/build
gmake[1]: Entering directory '/data/GitHub/grapa/dep/pcre2-10.45/build_static/CMakeFiles/CMakeTmp'
Building C object CMakeFiles/cmTC_191c5.dir/CheckSymbolExists.c.o
/usr/bin/cc   -std=gnu99 -o CMakeFiles/cmTC_191c5.dir/CheckSymbolExists.c.o -c /data/GitHub/grapa/dep/pcre2-10.45/build_static/CMakeFiles/CMakeTmp/CheckSymbolExists.c
Linking C executable cmTC_191c5
/usr/bin/cmake -E cmake_link_script CMakeFiles/cmTC_191c5.dir/link.txt --verbose=1
/usr/bin/cc CMakeFiles/cmTC_191c5.dir/CheckSymbolExists.c.o -o cmTC_191c5 
gmake[1]: Leaving directory '/data/GitHub/grapa/dep/pcre2-10.45/build_static/CMakeFiles/CMakeTmp'


File /data/GitHub/grapa/dep/pcre2-10.45/build_static/CMakeFiles/CMakeTmp/CheckSymbolExists.c:
/* */
#include <string.h>

int main(int argc, char** argv)
{
  (void)argv;
#ifndef memmove
  return ((int*)(&memmove))[argc];
#else
  (void)argc;
  return 0;
#endif
}
Determining if the strerror exist passed with the following output:
Change Dir: /data/GitHub/grapa/dep/pcre2-10.45/build_static/CMakeFiles/CMakeTmp

Run Build Command(s):/usr/bin/gmake -f Makefile cmTC_8a8b9/fast && /usr/bin/gmake  -f CMakeFiles/cmTC_8a8b9.dir/build.make CMakeFiles/cmTC_8a8b9.dir/build
gmake[1]: Entering directory '/data/GitHub/grapa/dep/pcre2-10.45/build_static/CMakeFiles/CMakeTmp'
Building C object CMakeFiles/cmTC_8a8b9.dir/CheckSymbolExists.c.o
/usr/bin/cc   -std=gnu99 -o CMakeFiles/cmTC_8a8b9.dir/CheckSymbolExists.c.o -c /data/GitHub/grapa/dep/pcre2-10.45/build_static/CMakeFiles/CMakeTmp/CheckSymbolExists.c
Linking C executable cmTC_8a8b9
/usr/bin/cmake -E cmake_link_script CMakeFiles/cmTC_8a8b9.dir/link.txt --verbose=1
/usr/bin/cc CMakeFiles/cmTC_8a8b9.dir/CheckSymbolExists.c.o -o cmTC_8a8b9 
gmake[1]: Leaving directory '/data/GitHub/grapa/dep/pcre2-10.45/build_static/CMakeFiles/CMakeTmp'


File /data/GitHub/grapa/dep/pcre2-10.45/build_static/CMakeFiles/CMakeTmp/CheckSymbolExists.c:
/* */
#include <string.h>

int main(int argc, char** argv)
{
  (void)argv;
#ifndef strerror
  return ((int*)(&strerror))[argc];
#else
  (void)argc;
  return 0;
#endif
}
Performing C SOURCE FILE Test HAVE_REALPATH succeeded with the following output:
Change Dir: /data/GitHub/grapa/dep/pcre2-10.45/build_static/CMakeFiles/CMakeTmp

Run Build Command(s):/usr/bin/gmake -f Makefile cmTC_c5ad7/fast && /usr/bin/gmake  -f CMakeFiles/cmTC_c5ad7.dir/build.make CMakeFiles/cmTC_c5ad7.dir/build
gmake[1]: Entering directory '/data/GitHub/grapa/dep/pcre2-10.45/build_static/CMakeFiles/CMakeTmp'
Building C object CMakeFiles/cmTC_c5ad7.dir/src.c.o
/usr/bin/cc -DHAVE_REALPATH  -std=gnu99 -o CMakeFiles/cmTC_c5ad7.dir/src.c.o -c /data/GitHub/grapa/dep/pcre2-10.45/build_static/CMakeFiles/CMakeTmp/src.c
Linking C executable cmTC_c5ad7
/usr/bin/cmake -E cmake_link_script CMakeFiles/cmTC_c5ad7.dir/link.txt --verbose=1
/usr/bin/cc CMakeFiles/cmTC_c5ad7.dir/src.c.o -o cmTC_c5ad7 
gmake[1]: Leaving directory '/data/GitHub/grapa/dep/pcre2-10.45/build_static/CMakeFiles/CMakeTmp'


Source file was:
  #include <stdlib.h>
  #include <limits.h>
  int main(int c, char *v[]) { char buf[PATH_MAX]; realpath(v[c], buf); return 0; }
  
Performing C SOURCE FILE Test HAVE_VISIBILITY succeeded with the following output:
Change Dir: /data/GitHub/grapa/dep/pcre2-10.45/build_static/CMakeFiles/CMakeTmp

Run Build Command(s):/usr/bin/gmake -f Makefile cmTC_c6046/fast && /usr/bin/gmake  -f CMakeFiles/cmTC_c6046.dir/build.make CMakeFiles/cmTC_c6046.dir/build
gmake[1]: Entering directory '/data/GitHub/grapa/dep/pcre2-10.45/build_static/CMakeFiles/CMakeTmp'
Building C object CMakeFiles/cmTC_c6046.dir/src.c.o
/usr/bin/cc -DHAVE_VISIBILITY  -Werror -std=gnu99 -o CMakeFiles/cmTC_c6046.dir/src.c.o -c /data/GitHub/grapa/dep/pcre2-10.45/build_static/CMakeFiles/CMakeTmp/src.c
Linking C executable cmTC_c6046
/usr/bin/cmake -E cmake_link_script CMakeFiles/cmTC_c6046.dir/link.txt --verbose=1
/usr/bin/cc   -Werror CMakeFiles/cmTC_c6046.dir/src.c.o -o cmTC_c6046 
gmake[1]: Leaving directory '/data/GitHub/grapa/dep/pcre2-10.45/build_static/CMakeFiles/CMakeTmp'


Source file was:
  extern __attribute__ ((visibility ("default"))) int f(void);
  int main(void) { return f(); }
  int f(void) { return 42; }
  
Performing C SOURCE FILE Test HAVE_BUILTIN_MUL_OVERFLOW succeeded with the following output:
Change Dir: /data/GitHub/grapa/dep/pcre2-10.45/build_static/CMakeFiles/CMakeTmp

Run Build Command(s):/usr/bin/gmake -f Makefile cmTC_a579e/fast && /usr/bin/gmake  -f CMakeFiles/cmTC_a579e.dir/build.make CMakeFiles/cmTC_a579e.dir/build
gmake[1]: Entering directory '/data/GitHub/grapa/dep/pcre2-10.45/build_static/CMakeFiles/CMakeTmp'
Building C object CMakeFiles/cmTC_a579e.dir/src.c.o
/usr/bin/cc -DHAVE_BUILTIN_MUL_OVERFLOW  -std=gnu99 -o CMakeFiles/cmTC_a579e.dir/src.c.o -c /data/GitHub/grapa/dep/pcre2-10.45/build_static/CMakeFiles/CMakeTmp/src.c
Linking C executable cmTC_a579e
/usr/bin/cmake -E cmake_link_script CMakeFiles/cmTC_a579e.dir/link.txt --verbose=1
/usr/bin/cc CMakeFiles/cmTC_a579e.dir/src.c.o -o cmTC_a579e 
gmake[1]: Leaving directory '/data/GitHub/grapa/dep/pcre2-10.45/build_static/CMakeFiles/CMakeTmp'


Source file was:
  #include <stddef.h>
  int main(void) { int a,b; size_t m; __builtin_mul_overflow(a,b,&m); return 0; }
  
Performing C SOURCE FILE Test HAVE_BUILTIN_UNREACHABLE succeeded with the following output:
Change Dir: /data/GitHub/grapa/dep/pcre2-10.45/build_static/CMakeFiles/CMakeTmp

Run Build Command(s):/usr/bin/gmake -f Makefile cmTC_c18f1/fast && /usr/bin/gmake  -f CMakeFiles/cmTC_c18f1.dir/build.make CMakeFiles/cmTC_c18f1.dir/build
gmake[1]: Entering directory '/data/GitHub/grapa/dep/pcre2-10.45/build_static/CMakeFiles/CMakeTmp'
Building C object CMakeFiles/cmTC_c18f1.dir/src.c.o
/usr/bin/cc -DHAVE_BUILTIN_UNREACHABLE  -std=gnu99 -o CMakeFiles/cmTC_c18f1.dir/src.c.o -c /data/GitHub/grapa/dep/pcre2-10.45/build_static/CMakeFiles/CMakeTmp/src.c
Linking C executable cmTC_c18f1
/usr/bin/cmake -E cmake_link_script CMakeFiles/cmTC_c18f1.dir/link.txt --verbose=1
/usr/bin/cc CMakeFiles/cmTC_c18f1.dir/src.c.o -o cmTC_c18f1 
gmake[1]: Leaving directory '/data/GitHub/grapa/dep/pcre2-10.45/build_static/CMakeFiles/CMakeTmp'


Source file was:
int main(int c, char *v[]) { if (c) __builtin_unreachable(); return (int)(*v[0]); }
