/usr/lib/gcc-cross/aarch64-linux-gnu/11/../../../../aarch64-linux-gnu/bin/ld: skipping incompatible /usr/lib/x86_64-linux-gnu/libjpeg.so when searching for -ljpeg
/usr/lib/gcc-cross/aarch64-linux-gnu/11/../../../../aarch64-linux-gnu/bin/ld: skipping incompatible /usr/lib/x86_64-linux-gnu/libjpeg.a when searching for -ljpeg
/usr/lib/gcc-cross/aarch64-linux-gnu/11/../../../../aarch64-linux-gnu/bin/ld: skipping incompatible /usr/lib/x86_64-linux-gnu/libm.so when searching for -lm
/usr/lib/gcc-cross/aarch64-linux-gnu/11/../../../../aarch64-linux-gnu/bin/ld: skipping incompatible /usr/lib/x86_64-linux-gnu/libm.a when searching for -lm
/usr/lib/gcc-cross/aarch64-linux-gnu/11/../../../../aarch64-linux-gnu/bin/ld: skipping incompatible /usr/lib/x86_64-linux-gnu/libc.so when searching for -lc
/usr/lib/gcc-cross/aarch64-linux-gnu/11/../../../../aarch64-linux-gnu/bin/ld: skipping incompatible /usr/lib/x86_64-linux-gnu/libc.a when searching for -lc
/usr/lib/gcc-cross/aarch64-linux-gnu/11/../../../../aarch64-linux-gnu/bin/ld: source/openssl-lib/linux-arm64/libcrypto.a(rand_unix.o): in function `wait_random_seeded':
rand_unix.c:(.text+0xec): undefined reference to `__isoc23_strtol'
/usr/lib/gcc-cross/aarch64-linux-gnu/11/../../../../aarch64-linux-gnu/bin/ld: rand_unix.c:(.text+0x248): undefined reference to `__isoc23_strtol'
/usr/lib/gcc-cross/aarch64-linux-gnu/11/../../../../aarch64-linux-gnu/bin/ld: source/openssl-lib/linux-arm64/libcrypto.a(e_afalg.o): in function `afalg_chk_platform':
e_afalg.c:(.text+0xc3c): undefined reference to `__isoc23_strtol'
/usr/lib/gcc-cross/aarch64-linux-gnu/11/../../../../aarch64-linux-gnu/bin/ld: source/fl-lib/linux-arm64/libfltk.a(Fl.o): in function `Fl::flush()':
Fl.cxx:(.text._ZN2Fl5flushEv+0xe4): undefined reference to `XDestroyRegion'
/usr/lib/gcc-cross/aarch64-linux-gnu/11/../../../../aarch64-linux-gnu/bin/ld: Fl.cxx:(.text._ZN2Fl5flushEv+0x130): undefined reference to `XFlush'
/usr/lib/gcc-cross/aarch64-linux-gnu/11/../../../../aarch64-linux-gnu/bin/ld: source/fl-lib/linux-arm64/libfltk.a(Fl.o): in function `Fl_Window::hide()':
Fl.cxx:(.text._ZN9Fl_Window4hideEv+0x1e0): undefined reference to `XDestroyRegion'
/usr/lib/gcc-cross/aarch64-linux-gnu/11/../../../../aarch64-linux-gnu/bin/ld: Fl.cxx:(.text._ZN9Fl_Window4hideEv+0x21c): undefined reference to `XDestroyWindow'
/usr/lib/gcc-cross/aarch64-linux-gnu/11/../../../../aarch64-linux-gnu/bin/ld: source/fl-lib/linux-arm64/libfltk.a(Fl.o): in function `Fl_Window::handle(int)':
Fl.cxx:(.text._ZN9Fl_Window6handleEi+0xa4): undefined reference to `XMapWindow'
/usr/lib/gcc-cross/aarch64-linux-gnu/11/../../../../aarch64-linux-gnu/bin/ld: Fl.cxx:(.text._ZN9Fl_Window6handleEi+0x168): undefined reference to `XUnmapWindow'
/usr/lib/gcc-cross/aarch64-linux-gnu/11/../../../../aarch64-linux-gnu/bin/ld: source/fl-lib/linux-arm64/libfltk.a(Fl.o): in function `Fl_Widget::damage(unsigned char)':
Fl.cxx:(.text._ZN9Fl_Widget6damageEh+0xb8): undefined reference to `XDestroyRegion'
/usr/lib/gcc-cross/aarch64-linux-gnu/11/../../../../aarch64-linux-gnu/bin/ld: source/fl-lib/linux-arm64/libfltk.a(Fl.o): in function `Fl_Widget::damage(unsigned char, int, int, int, int)':
Fl.cxx:(.text._ZN9Fl_Widget6damageEhiiii+0x28c): undefined reference to `XUnionRectWithRegion'
/usr/lib/gcc-cross/aarch64-linux-gnu/11/../../../../aarch64-linux-gnu/bin/ld: Fl.cxx:(.text._ZN9Fl_Widget6damageEhiiii+0x2c8): undefined reference to `XDestroyRegion'
/usr/lib/gcc-cross/aarch64-linux-gnu/11/../../../../aarch64-linux-gnu/bin/ld: source/fl-lib/linux-arm64/libfltk.a(Fl_Double_Window.o): in function `can_xdbe()':
Fl_Double_Window.cxx:(.text._ZL8can_xdbev+0x58): undefined reference to `XdbeQueryExtension'
/usr/lib/gcc-cross/aarch64-linux-gnu/11/../../../../aarch64-linux-gnu/bin/ld: Fl_Double_Window.cxx:(.text._ZL8can_xdbev+0xc8): undefined reference to `XdbeGetVisualInfo'
/usr/lib/gcc-cross/aarch64-linux-gnu/11/../../../../aarch64-linux-gnu/bin/ld: Fl_Double_Window.cxx:(.text._ZL8can_xdbev+0x154): undefined reference to `XdbeFreeVisualInfo'
/usr/lib/gcc-cross/aarch64-linux-gnu/11/../../../../aarch64-linux-gnu/bin/ld: source/fl-lib/linux-arm64/libfltk.a(Fl_Double_Window.o): in function `Fl_Graphics_Driver::copy_offscreen(int, int, int, int, unsigned long, int, int)':
Fl_Double_Window.cxx:(.text._ZN18Fl_Graphics_Driver14copy_offscreenEiiiimii+0x7c): undefined reference to `XCreateGC'
/usr/lib/gcc-cross/aarch64-linux-gnu/11/../../../../aarch64-linux-gnu/bin/ld: Fl_Double_Window.cxx:(.text._ZN18Fl_Graphics_Driver14copy_offscreenEiiiimii+0x128): undefined reference to `XFreeGC'
/usr/lib/gcc-cross/aarch64-linux-gnu/11/../../../../aarch64-linux-gnu/bin/ld: source/fl-lib/linux-arm64/libfltk.a(Fl_Double_Window.o): in function `Fl_Xlib_Graphics_Driver::copy_offscreen(int, int, int, int, unsigned long, int, int)':
Fl_Double_Window.cxx:(.text._ZN23Fl_Xlib_Graphics_Driver14copy_offscreenEiiiimii+0x88): undefined reference to `XCopyArea'
/usr/lib/gcc-cross/aarch64-linux-gnu/11/../../../../aarch64-linux-gnu/bin/ld: source/fl-lib/linux-arm64/libfltk.a(Fl_Double_Window.o): in function `Fl_Xlib_Graphics_Driver::copy_offscreen_with_alpha(int, int, int, int, unsigned long, int, int)':
Fl_Double_Window.cxx:(.text._ZN23Fl_Xlib_Graphics_Driver25copy_offscreen_with_alphaEiiiimii+0xac): undefined reference to `XRenderFindStandardFormat'
/usr/lib/gcc-cross/aarch64-linux-gnu/11/../../../../aarch64-linux-gnu/bin/ld: Fl_Double_Window.cxx:(.text._ZN23Fl_Xlib_Graphics_Driver25copy_offscreen_with_alphaEiiiimii+0x13c): undefined reference to `XRenderFindVisualFormat'
/usr/lib/gcc-cross/aarch64-linux-gnu/11/../../../../aarch64-linux-gnu/bin/ld: Fl_Double_Window.cxx:(.text._ZN23Fl_Xlib_Graphics_Driver25copy_offscreen_with_alphaEiiiimii+0x18c): undefined reference to `XRenderCreatePicture'
/usr/lib/gcc-cross/aarch64-linux-gnu/11/../../../../aarch64-linux-gnu/bin/ld: Fl_Double_Window.cxx:(.text._ZN23Fl_Xlib_Graphics_Driver25copy_offscreen_with_alphaEiiiimii+0x1cc): undefined reference to `XRenderCreatePicture'
/usr/lib/gcc-cross/aarch64-linux-gnu/11/../../../../aarch64-linux-gnu/bin/ld: Fl_Double_Window.cxx:(.text._ZN23Fl_Xlib_Graphics_Driver25copy_offscreen_with_alphaEiiiimii+0x23c): undefined reference to `XRenderSetPictureClipRegion'
/usr/lib/gcc-cross/aarch64-linux-gnu/11/../../../../aarch64-linux-gnu/bin/ld: Fl_Double_Window.cxx:(.text._ZN23Fl_Xlib_Graphics_Driver25copy_offscreen_with_alphaEiiiimii+0x290): undefined reference to `XRenderComposite'
/usr/lib/gcc-cross/aarch64-linux-gnu/11/../../../../aarch64-linux-gnu/bin/ld: Fl_Double_Window.cxx:(.text._ZN23Fl_Xlib_Graphics_Driver25copy_offscreen_with_alphaEiiiimii+0x2a4): undefined reference to `XRenderFreePicture'
/usr/lib/gcc-cross/aarch64-linux-gnu/11/../../../../aarch64-linux-gnu/bin/ld: Fl_Double_Window.cxx:(.text._ZN23Fl_Xlib_Graphics_Driver25copy_offscreen_with_alphaEiiiimii+0x2b8): undefined reference to `XRenderFreePicture'
/usr/lib/gcc-cross/aarch64-linux-gnu/11/../../../../aarch64-linux-gnu/bin/ld: source/fl-lib/linux-arm64/libfltk.a(Fl_Double_Window.o): in function `Fl_Double_Window::flush(int)':
Fl_Double_Window.cxx:(.text._ZN16Fl_Double_Window5flushEi+0xbc): undefined reference to `XdbeAllocateBackBufferName'
/usr/lib/gcc-cross/aarch64-linux-gnu/11/../../../../aarch64-linux-gnu/bin/ld: Fl_Double_Window.cxx:(.text._ZN16Fl_Double_Window5flushEi+0x150): undefined reference to `XCreatePixmap'
/usr/lib/gcc-cross/aarch64-linux-gnu/11/../../../../aarch64-linux-gnu/bin/ld: Fl_Double_Window.cxx:(.text._ZN16Fl_Double_Window5flushEi+0x1b4): undefined reference to `XDestroyRegion'
/usr/lib/gcc-cross/aarch64-linux-gnu/11/../../../../aarch64-linux-gnu/bin/ld: Fl_Double_Window.cxx:(.text._ZN16Fl_Double_Window5flushEi+0x274): undefined reference to `XdbeSwapBuffers'
/usr/lib/gcc-cross/aarch64-linux-gnu/11/../../../../aarch64-linux-gnu/bin/ld: source/fl-lib/linux-arm64/libfltk.a(Fl_Double_Window.o): in function `Fl_Double_Window::resize(int, int, int, int)':
Fl_Double_Window.cxx:(.text._ZN16Fl_Double_Window6resizeEiiii+0xec): undefined reference to `XdbeDeallocateBackBufferName'
/usr/lib/gcc-cross/aarch64-linux-gnu/11/../../../../aarch64-linux-gnu/bin/ld: Fl_Double_Window.cxx:(.text._ZN16Fl_Double_Window6resizeEiiii+0x188): undefined reference to `XFreePixmap'
/usr/lib/gcc-cross/aarch64-linux-gnu/11/../../../../aarch64-linux-gnu/bin/ld: source/fl-lib/linux-arm64/libfltk.a(Fl_Double_Window.o): in function `Fl_Double_Window::hide()':
Fl_Double_Window.cxx:(.text._ZN16Fl_Double_Window4hideEv+0x64): undefined reference to `XdbeDeallocateBackBufferName'
/usr/lib/gcc-cross/aarch64-linux-gnu/11/../../../../aarch64-linux-gnu/bin/ld: Fl_Double_Window.cxx:(.text._ZN16Fl_Double_Window4hideEv+0x88): undefined reference to `XFreePixmap'
/usr/lib/gcc-cross/aarch64-linux-gnu/11/../../../../aarch64-linux-gnu/bin/ld: source/fl-lib/linux-arm64/libfltk.a(Fl_Image.o): in function `Fl_RGB_Image::uncache()':
Fl_Image.cxx:(.text._ZN12Fl_RGB_Image7uncacheEv+0x3c): undefined reference to `XFreePixmap'
/usr/lib/gcc-cross/aarch64-linux-gnu/11/../../../../aarch64-linux-gnu/bin/ld: source/fl-lib/linux-arm64/libfltk.a(Fl_Image.o): in function `Fl_Xlib_Graphics_Driver::draw(Fl_RGB_Image*, int, int, int, int, int, int)':
Fl_Image.cxx:(.text._ZN23Fl_Xlib_Graphics_Driver4drawEP12Fl_RGB_Imageiiiiii+0x1d0): undefined reference to `XCreatePixmap'
/usr/lib/gcc-cross/aarch64-linux-gnu/11/../../../../aarch64-linux-gnu/bin/ld: Fl_Image.cxx:(.text._ZN23Fl_Xlib_Graphics_Driver4drawEP12Fl_RGB_Imageiiiiii+0x24c): undefined reference to `XCreateGC'
/usr/lib/gcc-cross/aarch64-linux-gnu/11/../../../../aarch64-linux-gnu/bin/ld: Fl_Image.cxx:(.text._ZN23Fl_Xlib_Graphics_Driver4drawEP12Fl_RGB_Imageiiiiii+0x32c): undefined reference to `XFreeGC'
/usr/lib/gcc-cross/aarch64-linux-gnu/11/../../../../aarch64-linux-gnu/bin/ld: Fl_Image.cxx:(.text._ZN23Fl_Xlib_Graphics_Driver4drawEP12Fl_RGB_Imageiiiiii+0x3dc): undefined reference to `XCreatePixmap'
/usr/lib/gcc-cross/aarch64-linux-gnu/11/../../../../aarch64-linux-gnu/bin/ld: Fl_Image.cxx:(.text._ZN23Fl_Xlib_Graphics_Driver4drawEP12Fl_RGB_Imageiiiiii+0x458): undefined reference to `XCreateGC'
/usr/lib/gcc-cross/aarch64-linux-gnu/11/../../../../aarch64-linux-gnu/bin/ld: Fl_Image.cxx:(.text._ZN23Fl_Xlib_Graphics_Driver4drawEP12Fl_RGB_Imageiiiiii+0x538): undefined reference to `XFreeGC'
/usr/lib/gcc-cross/aarch64-linux-gnu/11/../../../../aarch64-linux-gnu/bin/ld: Fl_Image.cxx:(.text._ZN23Fl_Xlib_Graphics_Driver4drawEP12Fl_RGB_Imageiiiiii+0x5fc): undefined reference to `XSetClipMask'
/usr/lib/gcc-cross/aarch64-linux-gnu/11/../../../../aarch64-linux-gnu/bin/ld: Fl_Image.cxx:(.text._ZN23Fl_Xlib_Graphics_Driver4drawEP12Fl_RGB_Imageiiiiii+0x6a4): undefined reference to `XSetClipOrigin'
/usr/lib/gcc-cross/aarch64-linux-gnu/11/../../../../aarch64-linux-gnu/bin/ld: Fl_Image.cxx:(.text._ZN23Fl_Xlib_Graphics_Driver4drawEP12Fl_RGB_Imageiiiiii+0x78c): undefined reference to `XSetClipOrigin'
/usr/lib/gcc-cross/aarch64-linux-gnu/11/../../../../aarch64-linux-gnu/bin/ld: source/fl-lib/linux-arm64/libfltk.a(Fl_Menu_.o): in function `Fl_Menu_::find_index(char const*) const':
Fl_Menu_.cxx:(.text._ZNK8Fl_Menu_10find_indexEPKc+0xa0): undefined reference to `strlcat'
/usr/lib/gcc-cross/aarch64-linux-gnu/11/../../../../aarch64-linux-gnu/bin/ld: Fl_Menu_.cxx:(.text._ZNK8Fl_Menu_10find_indexEPKc+0xb8): undefined reference to `strlcat'
/usr/lib/gcc-cross/aarch64-linux-gnu/11/../../../../aarch64-linux-gnu/bin/ld: Fl_Menu_.cxx:(.text._ZNK8Fl_Menu_10find_indexEPKc+0x154): undefined reference to `strlcat'
/usr/lib/gcc-cross/aarch64-linux-gnu/11/../../../../aarch64-linux-gnu/bin/ld: Fl_Menu_.cxx:(.text._ZNK8Fl_Menu_10find_indexEPKc+0x16c): undefined reference to `strlcat'
/usr/lib/gcc-cross/aarch64-linux-gnu/11/../../../../aarch64-linux-gnu/bin/ld: source/fl-lib/linux-arm64/libfltk.a(Fl_Preferences.o): in function `Fl_Preferences::get(char const*, char*, char const*, int)':
Fl_Preferences.cxx:(.text._ZN14Fl_Preferences3getEPKcPcS1_i+0x6c): undefined reference to `strlcpy'
/usr/lib/gcc-cross/aarch64-linux-gnu/11/../../../../aarch64-linux-gnu/bin/ld: Fl_Preferences.cxx:(.text._ZN14Fl_Preferences3getEPKcPcS1_i+0xb0): undefined reference to `strlcpy'
/usr/lib/gcc-cross/aarch64-linux-gnu/11/../../../../aarch64-linux-gnu/bin/ld: source/fl-lib/linux-arm64/libfltk.a(Fl_Preferences.o): in function `Fl_Preferences::RootNode::RootNode(Fl_Preferences*, Fl_Preferences::Root, char const*, char const*)':
Fl_Preferences.cxx:(.text._ZN14Fl_Preferences8RootNodeC2EPS_NS_4RootEPKcS4_+0xb0): undefined reference to `strlcpy'
/usr/lib/gcc-cross/aarch64-linux-gnu/11/../../../../aarch64-linux-gnu/bin/ld: Fl_Preferences.cxx:(.text._ZN14Fl_Preferences8RootNodeC2EPS_NS_4RootEPKcS4_+0xe4): undefined reference to `strlcat'
/usr/lib/gcc-cross/aarch64-linux-gnu/11/../../../../aarch64-linux-gnu/bin/ld: Fl_Preferences.cxx:(.text._ZN14Fl_Preferences8RootNodeC2EPS_NS_4RootEPKcS4_+0x100): undefined reference to `strlcat'
/usr/lib/gcc-cross/aarch64-linux-gnu/11/../../../../aarch64-linux-gnu/bin/ld: source/fl-lib/linux-arm64/libfltk.a(Fl_Preferences.o): in function `Fl_Preferences::RootNode::getPath(char*, int)':
Fl_Preferences.cxx:(.text._ZN14Fl_Preferences8RootNode7getPathEPci+0x44): undefined reference to `strlcpy'
/usr/lib/gcc-cross/aarch64-linux-gnu/11/../../../../aarch64-linux-gnu/bin/ld: source/fl-lib/linux-arm64/libfltk.a(Fl_Preferences.o): in function `Fl_Preferences::Node::set(char const*)':
Fl_Preferences.cxx:(.text._ZN14Fl_Preferences4Node3setEPKc+0xbc): undefined reference to `strlcpy'
/usr/lib/gcc-cross/aarch64-linux-gnu/11/../../../../aarch64-linux-gnu/bin/ld: source/fl-lib/linux-arm64/libfltk.a(Fl_Preferences.o): in function `Fl_Preferences::Node::find(char const*) [clone .localalias]':
Fl_Preferences.cxx:(.text._ZN14Fl_Preferences4Node4findEPKc+0x11c): undefined reference to `strlcpy'
/usr/lib/gcc-cross/aarch64-linux-gnu/11/../../../../aarch64-linux-gnu/bin/ld: Fl_Preferences.cxx:(.text._ZN14Fl_Preferences4Node4findEPKc+0x134): undefined reference to `strlcpy'
/usr/lib/gcc-cross/aarch64-linux-gnu/11/../../../../aarch64-linux-gnu/bin/ld: source/fl-lib/linux-arm64/libfltk.a(Fl_Window_shape.o): in function `Fl_Window::combine_mask()':
Fl_Window_shape.cxx:(.text._ZN9Fl_Window12combine_maskEv+0x1f4): undefined reference to `XCreateBitmapFromData'
/usr/lib/gcc-cross/aarch64-linux-gnu/11/../../../../aarch64-linux-gnu/bin/ld: Fl_Window_shape.cxx:(.text._ZN9Fl_Window12combine_maskEv+0x258): undefined reference to `XFreePixmap'
/usr/lib/gcc-cross/aarch64-linux-gnu/11/../../../../aarch64-linux-gnu/bin/ld: source/fl-lib/linux-arm64/libfltk.a(Fl_compose.o): in function `Fl::compose_reset()':
Fl_compose.cxx:(.text._ZN2Fl13compose_resetEv+0x34): undefined reference to `XmbResetIC'
/usr/lib/gcc-cross/aarch64-linux-gnu/11/../../../../aarch64-linux-gnu/bin/ld: source/fl-lib/linux-arm64/libfltk.a(Fl_get_key.o): in function `Fl::event_key(int)':
Fl_get_key.cxx:(.text._ZN2Fl9event_keyEi+0x58): undefined reference to `XKeysymToKeycode'
/usr/lib/gcc-cross/aarch64-linux-gnu/11/../../../../aarch64-linux-gnu/bin/ld: source/fl-lib/linux-arm64/libfltk.a(Fl_get_key.o): in function `Fl::get_key(int)':
Fl_get_key.cxx:(.text._ZN2Fl7get_keyEi+0x24): undefined reference to `XQueryKeymap'
/usr/lib/gcc-cross/aarch64-linux-gnu/11/../../../../aarch64-linux-gnu/bin/ld: source/fl-lib/linux-arm64/libfltk.a(Fl_get_system_colors.o): in function `fl_parse_color(char const*, unsigned char&, unsigned char&, unsigned char&)':
Fl_get_system_colors.cxx:(.text._Z14fl_parse_colorPKcRhS1_S1_+0x74): undefined reference to `XParseColor'
/usr/lib/gcc-cross/aarch64-linux-gnu/11/../../../../aarch64-linux-gnu/bin/ld: source/fl-lib/linux-arm64/libfltk.a(Fl_get_system_colors.o): in function `getsyscolor(char const*, char const*, char const*, char const*, void (*)(unsigned char, unsigned char, unsigned char))':
Fl_get_system_colors.cxx:(.text._ZL11getsyscolorPKcS0_S0_S0_PFvhhhE+0x54): undefined reference to `XGetDefault'
/usr/lib/gcc-cross/aarch64-linux-gnu/11/../../../../aarch64-linux-gnu/bin/ld: Fl_get_system_colors.cxx:(.text._ZL11getsyscolorPKcS0_S0_S0_PFvhhhE+0x9c): undefined reference to `XParseColor'
/usr/lib/gcc-cross/aarch64-linux-gnu/11/../../../../aarch64-linux-gnu/bin/ld: source/fl-lib/linux-arm64/libfltk.a(Fl_get_system_colors.o): in function `Fl::scheme(char const*)':
Fl_get_system_colors.cxx:(.text._ZN2Fl6schemeEPKc+0xa8): undefined reference to `XGetDefault'
/usr/lib/gcc-cross/aarch64-linux-gnu/11/../../../../aarch64-linux-gnu/bin/ld: Fl_get_system_colors.cxx:(.text._ZN2Fl6schemeEPKc+0x248): undefined reference to `strlcat'
/usr/lib/gcc-cross/aarch64-linux-gnu/11/../../../../aarch64-linux-gnu/bin/ld: source/fl-lib/linux-arm64/libfltk.a(Fl_visual.o): in function `test_visual(XVisualInfo&, int)':
Fl_visual.cxx:(.text._ZL11test_visualR11XVisualInfoi+0x128): undefined reference to `XdbeQueryExtension'
/usr/lib/gcc-cross/aarch64-linux-gnu/11/../../../../aarch64-linux-gnu/bin/ld: Fl_visual.cxx:(.text._ZL11test_visualR11XVisualInfoi+0x198): undefined reference to `XdbeGetVisualInfo'
/usr/lib/gcc-cross/aarch64-linux-gnu/11/../../../../aarch64-linux-gnu/bin/ld: source/fl-lib/linux-arm64/libfltk.a(Fl_visual.o): in function `Fl::visual(int)':
Fl_visual.cxx:(.text._ZN2Fl6visualEi+0x7c): undefined reference to `XGetVisualInfo'
/usr/lib/gcc-cross/aarch64-linux-gnu/11/../../../../aarch64-linux-gnu/bin/ld: Fl_visual.cxx:(.text._ZN2Fl6visualEi+0x130): undefined reference to `XFree'
/usr/lib/gcc-cross/aarch64-linux-gnu/11/../../../../aarch64-linux-gnu/bin/ld: Fl_visual.cxx:(.text._ZN2Fl6visualEi+0x1a0): undefined reference to `XCreateColormap'
/usr/lib/gcc-cross/aarch64-linux-gnu/11/../../../../aarch64-linux-gnu/bin/ld: source/fl-lib/linux-arm64/libfltk.a(Fl_x.o): in function `do_queued_events()':
Fl_x.cxx:(.text._ZL16do_queued_eventsv+0x44): undefined reference to `XNextEvent'
/usr/lib/gcc-cross/aarch64-linux-gnu/11/../../../../aarch64-linux-gnu/bin/ld: Fl_x.cxx:(.text._ZL16do_queued_eventsv+0x88): undefined reference to `XEventsQueued'
/usr/lib/gcc-cross/aarch64-linux-gnu/11/../../../../aarch64-linux-gnu/bin/ld: source/fl-lib/linux-arm64/libfltk.a(Fl_x.o): in function `fl_wait(double)':
Fl_x.cxx:(.text._Z7fl_waitd+0x44): undefined reference to `XQLength'
/usr/lib/gcc-cross/aarch64-linux-gnu/11/../../../../aarch64-linux-gnu/bin/ld: source/fl-lib/linux-arm64/libfltk.a(Fl_x.o): in function `fl_ready()':
Fl_x.cxx:(.text._Z8fl_readyv+0x2c): undefined reference to `XQLength'
/usr/lib/gcc-cross/aarch64-linux-gnu/11/../../../../aarch64-linux-gnu/bin/ld: source/fl-lib/linux-arm64/libfltk.a(Fl_x.o): in function `xerror_handler':
Fl_x.cxx:(.text.xerror_handler+0x70): undefined reference to `XGetErrorDatabaseText'
/usr/lib/gcc-cross/aarch64-linux-gnu/11/../../../../aarch64-linux-gnu/bin/ld: Fl_x.cxx:(.text.xerror_handler+0x90): undefined reference to `XGetErrorText'
/usr/lib/gcc-cross/aarch64-linux-gnu/11/../../../../aarch64-linux-gnu/bin/ld: source/fl-lib/linux-arm64/libfltk.a(Fl_x.o): in function `fl_new_ic()':
Fl_x.cxx:(.text._ZL9fl_new_icv+0x84): undefined reference to `XCreateFontSet'
/usr/lib/gcc-cross/aarch64-linux-gnu/11/../../../../aarch64-linux-gnu/bin/ld: Fl_x.cxx:(.text._ZL9fl_new_icv+0xa8): undefined reference to `XFreeStringList'
/usr/lib/gcc-cross/aarch64-linux-gnu/11/../../../../aarch64-linux-gnu/bin/ld: Fl_x.cxx:(.text._ZL9fl_new_icv+0xdc): undefined reference to `XVaCreateNestedList'
/usr/lib/gcc-cross/aarch64-linux-gnu/11/../../../../aarch64-linux-gnu/bin/ld: Fl_x.cxx:(.text._ZL9fl_new_icv+0x114): undefined reference to `XVaCreateNestedList'
/usr/lib/gcc-cross/aarch64-linux-gnu/11/../../../../aarch64-linux-gnu/bin/ld: Fl_x.cxx:(.text._ZL9fl_new_icv+0x144): undefined reference to `XGetIMValues'
/usr/lib/gcc-cross/aarch64-linux-gnu/11/../../../../aarch64-linux-gnu/bin/ld: Fl_x.cxx:(.text._ZL9fl_new_icv+0x1e4): undefined reference to `XFree'
/usr/lib/gcc-cross/aarch64-linux-gnu/11/../../../../aarch64-linux-gnu/bin/ld: Fl_x.cxx:(.text._ZL9fl_new_icv+0x22c): undefined reference to `XCreateIC'
/usr/lib/gcc-cross/aarch64-linux-gnu/11/../../../../aarch64-linux-gnu/bin/ld: Fl_x.cxx:(.text._ZL9fl_new_icv+0x28c): undefined reference to `XCreateIC'
/usr/lib/gcc-cross/aarch64-linux-gnu/11/../../../../aarch64-linux-gnu/bin/ld: Fl_x.cxx:(.text._ZL9fl_new_icv+0x2a4): undefined reference to `XFree'
/usr/lib/gcc-cross/aarch64-linux-gnu/11/../../../../aarch64-linux-gnu/bin/ld: Fl_x.cxx:(.text._ZL9fl_new_icv+0x2ac): undefined reference to `XFree'
/usr/lib/gcc-cross/aarch64-linux-gnu/11/../../../../aarch64-linux-gnu/bin/ld: Fl_x.cxx:(.text._ZL9fl_new_icv+0x2f0): undefined reference to `XCreateIC'
/usr/lib/gcc-cross/aarch64-linux-gnu/11/../../../../aarch64-linux-gnu/bin/ld: Fl_x.cxx:(.text._ZL9fl_new_icv+0x334): undefined reference to `XVaCreateNestedList'
/usr/lib/gcc-cross/aarch64-linux-gnu/11/../../../../aarch64-linux-gnu/bin/ld: Fl_x.cxx:(.text._ZL9fl_new_icv+0x35c): undefined reference to `XGetICValues'
/usr/lib/gcc-cross/aarch64-linux-gnu/11/../../../../aarch64-linux-gnu/bin/ld: Fl_x.cxx:(.text._ZL9fl_new_icv+0x364): undefined reference to `XFree'
/usr/lib/gcc-cross/aarch64-linux-gnu/11/../../../../aarch64-linux-gnu/bin/ld: source/fl-lib/linux-arm64/libfltk.a(Fl_x.o): in function `fl_set_spot(int, int, int, int, int, int, Fl_Window*)':
Fl_x.cxx:(.text._Z11fl_set_spotiiiiiiP9Fl_Window+0x190): undefined reference to `XFreeFontSet'
/usr/lib/gcc-cross/aarch64-linux-gnu/11/../../../../aarch64-linux-gnu/bin/ld: Fl_x.cxx:(.text._Z11fl_set_spotiiiiiiP9Fl_Window+0x1dc): undefined reference to `XCreateFontSet'
/usr/lib/gcc-cross/aarch64-linux-gnu/11/../../../../aarch64-linux-gnu/bin/ld: Fl_x.cxx:(.text._Z11fl_set_spotiiiiiiP9Fl_Window+0x290): undefined reference to `XVaCreateNestedList'
/usr/lib/gcc-cross/aarch64-linux-gnu/11/../../../../aarch64-linux-gnu/bin/ld: Fl_x.cxx:(.text._Z11fl_set_spotiiiiiiP9Fl_Window+0x2b8): undefined reference to `XSetICValues'
/usr/lib/gcc-cross/aarch64-linux-gnu/11/../../../../aarch64-linux-gnu/bin/ld: Fl_x.cxx:(.text._Z11fl_set_spotiiiiiiP9Fl_Window+0x2c0): undefined reference to `XFree'
/usr/lib/gcc-cross/aarch64-linux-gnu/11/../../../../aarch64-linux-gnu/bin/ld: source/fl-lib/linux-arm64/libfltk.a(Fl_x.o): in function `fl_set_status(int, int, int, int)':
Fl_x.cxx:(.text._Z13fl_set_statusiiii+0x94): undefined reference to `XVaCreateNestedList'
/usr/lib/gcc-cross/aarch64-linux-gnu/11/../../../../aarch64-linux-gnu/bin/ld: Fl_x.cxx:(.text._Z13fl_set_statusiiii+0xbc): undefined reference to `XSetICValues'
/usr/lib/gcc-cross/aarch64-linux-gnu/11/../../../../aarch64-linux-gnu/bin/ld: Fl_x.cxx:(.text._Z13fl_set_statusiiii+0xc4): undefined reference to `XFree'
/usr/lib/gcc-cross/aarch64-linux-gnu/11/../../../../aarch64-linux-gnu/bin/ld: source/fl-lib/linux-arm64/libfltk.a(Fl_x.o): in function `fl_init_xim()':
Fl_x.cxx:(.text._ZL11fl_init_ximv+0x90): undefined reference to `XOpenIM'
/usr/lib/gcc-cross/aarch64-linux-gnu/11/../../../../aarch64-linux-gnu/bin/ld: Fl_x.cxx:(.text._ZL11fl_init_ximv+0xf0): undefined reference to `XGetIMValues'
/usr/lib/gcc-cross/aarch64-linux-gnu/11/../../../../aarch64-linux-gnu/bin/ld: Fl_x.cxx:(.text._ZL11fl_init_ximv+0x140): undefined reference to `XFree'
/usr/lib/gcc-cross/aarch64-linux-gnu/11/../../../../aarch64-linux-gnu/bin/ld: Fl_x.cxx:(.text._ZL11fl_init_ximv+0x1ac): undefined reference to `XCloseIM'
/usr/lib/gcc-cross/aarch64-linux-gnu/11/../../../../aarch64-linux-gnu/bin/ld: Fl_x.cxx:(.text._ZL11fl_init_ximv+0x1cc): undefined reference to `XFree'
/usr/lib/gcc-cross/aarch64-linux-gnu/11/../../../../aarch64-linux-gnu/bin/ld: Fl_x.cxx:(.text._ZL11fl_init_ximv+0x20c): undefined reference to `XCloseIM'
/usr/lib/gcc-cross/aarch64-linux-gnu/11/../../../../aarch64-linux-gnu/bin/ld: Fl_x.cxx:(.text._ZL11fl_init_ximv+0x22c): undefined reference to `XFree'
/usr/lib/gcc-cross/aarch64-linux-gnu/11/../../../../aarch64-linux-gnu/bin/ld: source/fl-lib/linux-arm64/libfltk.a(Fl_x.o): in function `fl_xim_activate(unsigned long)':
Fl_x.cxx:(.text._Z15fl_xim_activatem+0x94): undefined reference to `XSetICValues'
/usr/lib/gcc-cross/aarch64-linux-gnu/11/../../../../aarch64-linux-gnu/bin/ld: source/fl-lib/linux-arm64/libfltk.a(Fl_x.o): in function `fl_xim_deactivate()':
Fl_x.cxx:(.text._Z17fl_xim_deactivatev+0x28): undefined reference to `XDestroyIC'
/usr/lib/gcc-cross/aarch64-linux-gnu/11/../../../../aarch64-linux-gnu/bin/ld: source/fl-lib/linux-arm64/libfltk.a(Fl_x.o): in function `Fl::enable_im()':
Fl_x.cxx:(.text._ZN2Fl9enable_imEv+0x5c): undefined reference to `XSetICFocus'
/usr/lib/gcc-cross/aarch64-linux-gnu/11/../../../../aarch64-linux-gnu/bin/ld: source/fl-lib/linux-arm64/libfltk.a(Fl_x.o): in function `fl_open_display()':
Fl_x.cxx:(.text._Z15fl_open_displayv+0x38): undefined reference to `XSetLocaleModifiers'
/usr/lib/gcc-cross/aarch64-linux-gnu/11/../../../../aarch64-linux-gnu/bin/ld: Fl_x.cxx:(.text._Z15fl_open_displayv+0x44): undefined reference to `XSetIOErrorHandler'
/usr/lib/gcc-cross/aarch64-linux-gnu/11/../../../../aarch64-linux-gnu/bin/ld: Fl_x.cxx:(.text._Z15fl_open_displayv+0x50): undefined reference to `XSetErrorHandler'
/usr/lib/gcc-cross/aarch64-linux-gnu/11/../../../../aarch64-linux-gnu/bin/ld: Fl_x.cxx:(.text._Z15fl_open_displayv+0x58): undefined reference to `XOpenDisplay'
/usr/lib/gcc-cross/aarch64-linux-gnu/11/../../../../aarch64-linux-gnu/bin/ld: Fl_x.cxx:(.text._Z15fl_open_displayv+0x7c): undefined reference to `XDisplayName'
/usr/lib/gcc-cross/aarch64-linux-gnu/11/../../../../aarch64-linux-gnu/bin/ld: source/fl-lib/linux-arm64/libfltk.a(Fl_x.o): in function `fl_open_display(_XDisplay*)':
Fl_x.cxx:(.text._Z15fl_open_displayP9_XDisplay+0x44): undefined reference to `XInternAtom'
/usr/lib/gcc-cross/aarch64-linux-gnu/11/../../../../aarch64-linux-gnu/bin/ld: Fl_x.cxx:(.text._Z15fl_open_displayP9_XDisplay+0x68): undefined reference to `XInternAtom'
/usr/lib/gcc-cross/aarch64-linux-gnu/11/../../../../aarch64-linux-gnu/bin/ld: Fl_x.cxx:(.text._Z15fl_open_displayP9_XDisplay+0x8c): undefined reference to `XInternAtom'
/usr/lib/gcc-cross/aarch64-linux-gnu/11/../../../../aarch64-linux-gnu/bin/ld: Fl_x.cxx:(.text._Z15fl_open_displayP9_XDisplay+0xb0): undefined reference to `XInternAtom'
/usr/lib/gcc-cross/aarch64-linux-gnu/11/../../../../aarch64-linux-gnu/bin/ld: Fl_x.cxx:(.text._Z15fl_open_displayP9_XDisplay+0xd4): undefined reference to `XInternAtom'
/usr/lib/gcc-cross/aarch64-linux-gnu/11/../../../../aarch64-linux-gnu/bin/ld: source/fl-lib/linux-arm64/libfltk.a(Fl_x.o):Fl_x.cxx:(.text._Z15fl_open_displayP9_XDisplay+0xf8): more undefined references to `XInternAtom' follow
/usr/lib/gcc-cross/aarch64-linux-gnu/11/../../../../aarch64-linux-gnu/bin/ld: source/fl-lib/linux-arm64/libfltk.a(Fl_x.o): in function `fl_open_display(_XDisplay*)':
Fl_x.cxx:(.text._Z15fl_open_displayP9_XDisplay+0x650): undefined reference to `XCreateSimpleWindow'
/usr/lib/gcc-cross/aarch64-linux-gnu/11/../../../../aarch64-linux-gnu/bin/ld: Fl_x.cxx:(.text._Z15fl_open_displayP9_XDisplay+0x688): undefined reference to `XVisualIDFromVisual'
/usr/lib/gcc-cross/aarch64-linux-gnu/11/../../../../aarch64-linux-gnu/bin/ld: Fl_x.cxx:(.text._Z15fl_open_displayP9_XDisplay+0x6a8): undefined reference to `XGetVisualInfo'
/usr/lib/gcc-cross/aarch64-linux-gnu/11/../../../../aarch64-linux-gnu/bin/ld: Fl_x.cxx:(.text._Z15fl_open_displayP9_XDisplay+0x710): undefined reference to `XFixesQueryExtension'
/usr/lib/gcc-cross/aarch64-linux-gnu/11/../../../../aarch64-linux-gnu/bin/ld: Fl_x.cxx:(.text._Z15fl_open_displayP9_XDisplay+0x8a0): undefined reference to `XSelectInput'
/usr/lib/gcc-cross/aarch64-linux-gnu/11/../../../../aarch64-linux-gnu/bin/ld: source/fl-lib/linux-arm64/libfltk.a(Fl_x.o): in function `fl_close_display()':
Fl_x.cxx:(.text._Z16fl_close_displayv+0x28): undefined reference to `XCloseDisplay'
/usr/lib/gcc-cross/aarch64-linux-gnu/11/../../../../aarch64-linux-gnu/bin/ld: source/fl-lib/linux-arm64/libfltk.a(Fl_x.o): in function `fl_init_workarea()':
Fl_x.cxx:(.text._ZL16fl_init_workareav+0xb4): undefined reference to `XGetWindowProperty'
/usr/lib/gcc-cross/aarch64-linux-gnu/11/../../../../aarch64-linux-gnu/bin/ld: Fl_x.cxx:(.text._ZL16fl_init_workareav+0x1b4): undefined reference to `XFree'
/usr/lib/gcc-cross/aarch64-linux-gnu/11/../../../../aarch64-linux-gnu/bin/ld: source/fl-lib/linux-arm64/libfltk.a(Fl_x.o): in function `Fl::get_mouse(int&, int&)':
Fl_x.cxx:(.text._ZN2Fl9get_mouseERiS0_+0x90): undefined reference to `XQueryPointer'
/usr/lib/gcc-cross/aarch64-linux-gnu/11/../../../../aarch64-linux-gnu/bin/ld: source/fl-lib/linux-arm64/libfltk.a(Fl_x.o): in function `Fl::paste(Fl_Widget&, int, char const*)':
Fl_x.cxx:(.text._ZN2Fl5pasteER9Fl_WidgetiPKc+0x240): undefined reference to `XConvertSelection'
/usr/lib/gcc-cross/aarch64-linux-gnu/11/../../../../aarch64-linux-gnu/bin/ld: source/fl-lib/linux-arm64/libfltk.a(Fl_x.o): in function `Fl::clipboard_contains(char const*)':
Fl_x.cxx:(.text._ZN2Fl18clipboard_containsEPKc+0xfc): undefined reference to `XConvertSelection'
/usr/lib/gcc-cross/aarch64-linux-gnu/11/../../../../aarch64-linux-gnu/bin/ld: Fl_x.cxx:(.text._ZN2Fl18clipboard_containsEPKc+0x10c): undefined reference to `XFlush'
/usr/lib/gcc-cross/aarch64-linux-gnu/11/../../../../aarch64-linux-gnu/bin/ld: Fl_x.cxx:(.text._ZN2Fl18clipboard_containsEPKc+0x120): undefined reference to `XNextEvent'
/usr/lib/gcc-cross/aarch64-linux-gnu/11/../../../../aarch64-linux-gnu/bin/ld: Fl_x.cxx:(.text._ZN2Fl18clipboard_containsEPKc+0x1cc): undefined reference to `XGetWindowProperty'
/usr/lib/gcc-cross/aarch64-linux-gnu/11/../../../../aarch64-linux-gnu/bin/ld: Fl_x.cxx:(.text._ZN2Fl18clipboard_containsEPKc+0x250): undefined reference to `XFree'
/usr/lib/gcc-cross/aarch64-linux-gnu/11/../../../../aarch64-linux-gnu/bin/ld: source/fl-lib/linux-arm64/libfltk.a(Fl_x.o): in function `fl_sendClientMessage(unsigned long, unsigned long, unsigned long, unsigned long, unsigned long, unsigned long, unsigned long)':
Fl_x.cxx:(.text._Z20fl_sendClientMessagemmmmmmm+0xa4): undefined reference to `XSendEvent'
/usr/lib/gcc-cross/aarch64-linux-gnu/11/../../../../aarch64-linux-gnu/bin/ld: source/fl-lib/linux-arm64/libfltk.a(Fl_x.o): in function `get_xwinprop(unsigned long, unsigned long, long, unsigned long*, unsigned long**)':
Fl_x.cxx:(.text._ZL12get_xwinpropmmlPmPS_+0x84): undefined reference to `XGetWindowProperty'
/usr/lib/gcc-cross/aarch64-linux-gnu/11/../../../../aarch64-linux-gnu/bin/ld: source/fl-lib/linux-arm64/libfltk.a(Fl_x.o): in function `Fl::copy(char const*, int, int, char const*) [clone .localalias]':
Fl_x.cxx:(.text._ZN2Fl4copyEPKciiS1_+0x1c4): undefined reference to `XSetSelectionOwner'
/usr/lib/gcc-cross/aarch64-linux-gnu/11/../../../../aarch64-linux-gnu/bin/ld: source/fl-lib/linux-arm64/libfltk.a(Fl_x.o): in function `Fl::copy_image(unsigned char const*, int, int, int)':
Fl_x.cxx:(.text._ZN2Fl10copy_imageEPKhiii+0x14c): undefined reference to `XSetSelectionOwner'
/usr/lib/gcc-cross/aarch64-linux-gnu/11/../../../../aarch64-linux-gnu/bin/ld: source/fl-lib/linux-arm64/libfltk.a(Fl_x.o): in function `poll_clipboard_owner()':
Fl_x.cxx:(.text._ZL20poll_clipboard_ownerv+0xc4): undefined reference to `XConvertSelection'
/usr/lib/gcc-cross/aarch64-linux-gnu/11/../../../../aarch64-linux-gnu/bin/ld: Fl_x.cxx:(.text._ZL20poll_clipboard_ownerv+0x124): undefined reference to `XConvertSelection'
/usr/lib/gcc-cross/aarch64-linux-gnu/11/../../../../aarch64-linux-gnu/bin/ld: source/fl-lib/linux-arm64/libfltk.a(Fl_x.o): in function `getNextEvent(_XEvent*)':
Fl_x.cxx:(.text._ZL12getNextEventP7_XEvent+0x68): undefined reference to `XPending'
/usr/lib/gcc-cross/aarch64-linux-gnu/11/../../../../aarch64-linux-gnu/bin/ld: Fl_x.cxx:(.text._ZL12getNextEventP7_XEvent+0x94): undefined reference to `XNextEvent'
/usr/lib/gcc-cross/aarch64-linux-gnu/11/../../../../aarch64-linux-gnu/bin/ld: source/fl-lib/linux-arm64/libfltk.a(Fl_x.o): in function `getIncrData(unsigned char*&, XSelectionEvent const&, unsigned long)':
Fl_x.cxx:(.text._ZL11getIncrDataRPhRK15XSelectionEventm+0xac): undefined reference to `XDeleteProperty'
/usr/lib/gcc-cross/aarch64-linux-gnu/11/../../../../aarch64-linux-gnu/bin/ld: Fl_x.cxx:(.text._ZL11getIncrDataRPhRK15XSelectionEventm+0x198): undefined reference to `XGetWindowProperty'
/usr/lib/gcc-cross/aarch64-linux-gnu/11/../../../../aarch64-linux-gnu/bin/ld: Fl_x.cxx:(.text._ZL11getIncrDataRPhRK15XSelectionEventm+0x2c8): undefined reference to `XFree'
/usr/lib/gcc-cross/aarch64-linux-gnu/11/../../../../aarch64-linux-gnu/bin/ld: Fl_x.cxx:(.text._ZL11getIncrDataRPhRK15XSelectionEventm+0x328): undefined reference to `XDeleteProperty'
/usr/lib/gcc-cross/aarch64-linux-gnu/11/../../../../aarch64-linux-gnu/bin/ld: source/fl-lib/linux-arm64/libfltk.a(Fl_x.o): in function `fl_KeycodeToKeysym(_XDisplay*, unsigned char, unsigned int)':
Fl_x.cxx:(.text._ZL18fl_KeycodeToKeysymP9_XDisplayhj+0x24): undefined reference to `XKeycodeToKeysym'
/usr/lib/gcc-cross/aarch64-linux-gnu/11/../../../../aarch64-linux-gnu/bin/ld: source/fl-lib/linux-arm64/libfltk.a(Fl_x.o): in function `fl_handle(_XEvent const&)':
Fl_x.cxx:(.text._Z9fl_handleRK7_XEvent+0x118): undefined reference to `XOpenIM'
/usr/lib/gcc-cross/aarch64-linux-gnu/11/../../../../aarch64-linux-gnu/bin/ld: Fl_x.cxx:(.text._Z9fl_handleRK7_XEvent+0x134): undefined reference to `XSetLocaleModifiers'
/usr/lib/gcc-cross/aarch64-linux-gnu/11/../../../../aarch64-linux-gnu/bin/ld: Fl_x.cxx:(.text._Z9fl_handleRK7_XEvent+0x150): undefined reference to `XCloseIM'
/usr/lib/gcc-cross/aarch64-linux-gnu/11/../../../../aarch64-linux-gnu/bin/ld: Fl_x.cxx:(.text._Z9fl_handleRK7_XEvent+0x1a0): undefined reference to `XFilterEvent'
/usr/lib/gcc-cross/aarch64-linux-gnu/11/../../../../aarch64-linux-gnu/bin/ld: Fl_x.cxx:(.text._Z9fl_handleRK7_XEvent+0x2e0): undefined reference to `XRefreshKeyboardMapping'
/usr/lib/gcc-cross/aarch64-linux-gnu/11/../../../../aarch64-linux-gnu/bin/ld: Fl_x.cxx:(.text._Z9fl_handleRK7_XEvent+0x3bc): undefined reference to `XGetWindowProperty'
/usr/lib/gcc-cross/aarch64-linux-gnu/11/../../../../aarch64-linux-gnu/bin/ld: Fl_x.cxx:(.text._Z9fl_handleRK7_XEvent+0x498): undefined reference to `XFree'
/usr/lib/gcc-cross/aarch64-linux-gnu/11/../../../../aarch64-linux-gnu/bin/ld: Fl_x.cxx:(.text._Z9fl_handleRK7_XEvent+0x514): undefined reference to `XFree'
/usr/lib/gcc-cross/aarch64-linux-gnu/11/../../../../aarch64-linux-gnu/bin/ld: Fl_x.cxx:(.text._Z9fl_handleRK7_XEvent+0x5a4): undefined reference to `XConvertSelection'
/usr/lib/gcc-cross/aarch64-linux-gnu/11/../../../../aarch64-linux-gnu/bin/ld: Fl_x.cxx:(.text._Z9fl_handleRK7_XEvent+0x690): undefined reference to `XFree'
/usr/lib/gcc-cross/aarch64-linux-gnu/11/../../../../aarch64-linux-gnu/bin/ld: Fl_x.cxx:(.text._Z9fl_handleRK7_XEvent+0x6cc): undefined reference to `XFree'
/usr/lib/gcc-cross/aarch64-linux-gnu/11/../../../../aarch64-linux-gnu/bin/ld: Fl_x.cxx:(.text._Z9fl_handleRK7_XEvent+0x750): undefined reference to `XFree'
/usr/lib/gcc-cross/aarch64-linux-gnu/11/../../../../aarch64-linux-gnu/bin/ld: Fl_x.cxx:(.text._Z9fl_handleRK7_XEvent+0xdf0): undefined reference to `XChangeProperty'
/usr/lib/gcc-cross/aarch64-linux-gnu/11/../../../../aarch64-linux-gnu/bin/ld: Fl_x.cxx:(.text._Z9fl_handleRK7_XEvent+0xf18): undefined reference to `XChangeProperty'
/usr/lib/gcc-cross/aarch64-linux-gnu/11/../../../../aarch64-linux-gnu/bin/ld: Fl_x.cxx:(.text._Z9fl_handleRK7_XEvent+0xf8c): undefined reference to `XChangeProperty'
/usr/lib/gcc-cross/aarch64-linux-gnu/11/../../../../aarch64-linux-gnu/bin/ld: Fl_x.cxx:(.text._Z9fl_handleRK7_XEvent+0x1014): undefined reference to `XChangeProperty'
/usr/lib/gcc-cross/aarch64-linux-gnu/11/../../../../aarch64-linux-gnu/bin/ld: Fl_x.cxx:(.text._Z9fl_handleRK7_XEvent+0x1040): undefined reference to `XSendEvent'
/usr/lib/gcc-cross/aarch64-linux-gnu/11/../../../../aarch64-linux-gnu/bin/ld: Fl_x.cxx:(.text._Z9fl_handleRK7_XEvent+0x1258): undefined reference to `XGetWindowProperty'
/usr/lib/gcc-cross/aarch64-linux-gnu/11/../../../../aarch64-linux-gnu/bin/ld: Fl_x.cxx:(.text._Z9fl_handleRK7_XEvent+0x129c): undefined reference to `XFree'
/usr/lib/gcc-cross/aarch64-linux-gnu/11/../../../../aarch64-linux-gnu/bin/ld: Fl_x.cxx:(.text._Z9fl_handleRK7_XEvent+0x1374): undefined reference to `XFree'
/usr/lib/gcc-cross/aarch64-linux-gnu/11/../../../../aarch64-linux-gnu/bin/ld: Fl_x.cxx:(.text._Z9fl_handleRK7_XEvent+0x1854): undefined reference to `XConvertSelection'
/usr/lib/gcc-cross/aarch64-linux-gnu/11/../../../../aarch64-linux-gnu/bin/ld: Fl_x.cxx:(.text._Z9fl_handleRK7_XEvent+0x1914): undefined reference to `XSetICFocus'
/usr/lib/gcc-cross/aarch64-linux-gnu/11/../../../../aarch64-linux-gnu/bin/ld: Fl_x.cxx:(.text._Z9fl_handleRK7_XEvent+0x1948): undefined reference to `XUnsetICFocus'
/usr/lib/gcc-cross/aarch64-linux-gnu/11/../../../../aarch64-linux-gnu/bin/ld: Fl_x.cxx:(.text._Z9fl_handleRK7_XEvent+0x1a7c): undefined reference to `Xutf8LookupString'
/usr/lib/gcc-cross/aarch64-linux-gnu/11/../../../../aarch64-linux-gnu/bin/ld: Fl_x.cxx:(.text._Z9fl_handleRK7_XEvent+0x1b30): undefined reference to `Xutf8LookupString'
/usr/lib/gcc-cross/aarch64-linux-gnu/11/../../../../aarch64-linux-gnu/bin/ld: Fl_x.cxx:(.text._Z9fl_handleRK7_XEvent+0x1ba4): undefined reference to `XLookupString'
/usr/lib/gcc-cross/aarch64-linux-gnu/11/../../../../aarch64-linux-gnu/bin/ld: Fl_x.cxx:(.text._Z9fl_handleRK7_XEvent+0x1c70): undefined reference to `XPending'
/usr/lib/gcc-cross/aarch64-linux-gnu/11/../../../../aarch64-linux-gnu/bin/ld: Fl_x.cxx:(.text._Z9fl_handleRK7_XEvent+0x1c9c): undefined reference to `XPeekEvent'
/usr/lib/gcc-cross/aarch64-linux-gnu/11/../../../../aarch64-linux-gnu/bin/ld: Fl_x.cxx:(.text._Z9fl_handleRK7_XEvent+0x1cdc): undefined reference to `XNextEvent'
/usr/lib/gcc-cross/aarch64-linux-gnu/11/../../../../aarch64-linux-gnu/bin/ld: Fl_x.cxx:(.text._Z9fl_handleRK7_XEvent+0x2500): undefined reference to `XFree'
/usr/lib/gcc-cross/aarch64-linux-gnu/11/../../../../aarch64-linux-gnu/bin/ld: Fl_x.cxx:(.text._Z9fl_handleRK7_XEvent+0x2664): undefined reference to `XGetIMValues'
/usr/lib/gcc-cross/aarch64-linux-gnu/11/../../../../aarch64-linux-gnu/bin/ld: Fl_x.cxx:(.text._Z9fl_handleRK7_XEvent+0x269c): undefined reference to `XFree'
/usr/lib/gcc-cross/aarch64-linux-gnu/11/../../../../aarch64-linux-gnu/bin/ld: Fl_x.cxx:(.text._Z9fl_handleRK7_XEvent+0x2734): undefined reference to `XGetWindowAttributes'
/usr/lib/gcc-cross/aarch64-linux-gnu/11/../../../../aarch64-linux-gnu/bin/ld: Fl_x.cxx:(.text._Z9fl_handleRK7_XEvent+0x2790): undefined reference to `XTranslateCoordinates'
/usr/lib/gcc-cross/aarch64-linux-gnu/11/../../../../aarch64-linux-gnu/bin/ld: Fl_x.cxx:(.text._Z9fl_handleRK7_XEvent+0x27dc): undefined reference to `XSetErrorHandler'
/usr/lib/gcc-cross/aarch64-linux-gnu/11/../../../../aarch64-linux-gnu/bin/ld: Fl_x.cxx:(.text._Z9fl_handleRK7_XEvent+0x2814): undefined reference to `XRootWindow'
/usr/lib/gcc-cross/aarch64-linux-gnu/11/../../../../aarch64-linux-gnu/bin/ld: Fl_x.cxx:(.text._Z9fl_handleRK7_XEvent+0x2850): undefined reference to `XTranslateCoordinates'
/usr/lib/gcc-cross/aarch64-linux-gnu/11/../../../../aarch64-linux-gnu/bin/ld: Fl_x.cxx:(.text._Z9fl_handleRK7_XEvent+0x2858): undefined reference to `XSetErrorHandler'
/usr/lib/gcc-cross/aarch64-linux-gnu/11/../../../../aarch64-linux-gnu/bin/ld: source/fl-lib/linux-arm64/libfltk.a(Fl_x.o): in function `Fl_Window::resize(int, int, int, int)':
Fl_x.cxx:(.text._ZN9Fl_Window6resizeEiiii+0x32c): undefined reference to `XMoveResizeWindow'
/usr/lib/gcc-cross/aarch64-linux-gnu/11/../../../../aarch64-linux-gnu/bin/ld: Fl_x.cxx:(.text._ZN9Fl_Window6resizeEiiii+0x388): undefined reference to `XResizeWindow'
/usr/lib/gcc-cross/aarch64-linux-gnu/11/../../../../aarch64-linux-gnu/bin/ld: Fl_x.cxx:(.text._ZN9Fl_Window6resizeEiiii+0x3b8): undefined reference to `XMoveWindow'
/usr/lib/gcc-cross/aarch64-linux-gnu/11/../../../../aarch64-linux-gnu/bin/ld: source/fl-lib/linux-arm64/libfltk.a(Fl_x.o): in function `send_wm_event(unsigned long, unsigned long, unsigned long, unsigned long, unsigned long, unsigned long, unsigned long)':
Fl_x.cxx:(.text._ZL13send_wm_eventmmmmmmm+0xd4): undefined reference to `XSendEvent'
/usr/lib/gcc-cross/aarch64-linux-gnu/11/../../../../aarch64-linux-gnu/bin/ld: source/fl-lib/linux-arm64/libfltk.a(Fl_x.o): in function `Fl_X::ewmh_supported()':
Fl_x.cxx:(.text._ZN4Fl_X14ewmh_supportedEv+0x68): undefined reference to `XRootWindow'
/usr/lib/gcc-cross/aarch64-linux-gnu/11/../../../../aarch64-linux-gnu/bin/ld: Fl_x.cxx:(.text._ZN4Fl_X14ewmh_supportedEv+0xe4): undefined reference to `XFree'
/usr/lib/gcc-cross/aarch64-linux-gnu/11/../../../../aarch64-linux-gnu/bin/ld: Fl_x.cxx:(.text._ZN4Fl_X14ewmh_supportedEv+0x174): undefined reference to `XFree'
/usr/lib/gcc-cross/aarch64-linux-gnu/11/../../../../aarch64-linux-gnu/bin/ld: source/fl-lib/linux-arm64/libfltk.a(Fl_x.o): in function `Fl_X::xrender_supported()':
Fl_x.cxx:(.text._ZN4Fl_X17xrender_supportedEv+0x4c): undefined reference to `XRenderQueryExtension'
/usr/lib/gcc-cross/aarch64-linux-gnu/11/../../../../aarch64-linux-gnu/bin/ld: source/fl-lib/linux-arm64/libfltk.a(Fl_x.o): in function `Fl_Window::fullscreen_x()':
Fl_x.cxx:(.text._ZN9Fl_Window12fullscreen_xEv+0x1e0): undefined reference to `XGrabKeyboard'
/usr/lib/gcc-cross/aarch64-linux-gnu/11/../../../../aarch64-linux-gnu/bin/ld: source/fl-lib/linux-arm64/libfltk.a(Fl_x.o): in function `Fl_X::make_xid(Fl_Window*, XVisualInfo*, unsigned long)':
Fl_x.cxx:(.text._ZN4Fl_X8make_xidEP9Fl_WindowP11XVisualInfom+0x628): undefined reference to `XCreateWindow'
/usr/lib/gcc-cross/aarch64-linux-gnu/11/../../../../aarch64-linux-gnu/bin/ld: Fl_x.cxx:(.text._ZN4Fl_X8make_xidEP9Fl_WindowP11XVisualInfom+0x67c): undefined reference to `XSetWMProperties'
/usr/lib/gcc-cross/aarch64-linux-gnu/11/../../../../aarch64-linux-gnu/bin/ld: Fl_x.cxx:(.text._ZN4Fl_X8make_xidEP9Fl_WindowP11XVisualInfom+0x6cc): undefined reference to `XChangeProperty'
/usr/lib/gcc-cross/aarch64-linux-gnu/11/../../../../aarch64-linux-gnu/bin/ld: Fl_x.cxx:(.text._ZN4Fl_X8make_xidEP9Fl_WindowP11XVisualInfom+0x768): undefined reference to `XChangeProperty'
/usr/lib/gcc-cross/aarch64-linux-gnu/11/../../../../aarch64-linux-gnu/bin/ld: Fl_x.cxx:(.text._ZN4Fl_X8make_xidEP9Fl_WindowP11XVisualInfom+0x894): undefined reference to `XChangeProperty'
/usr/lib/gcc-cross/aarch64-linux-gnu/11/../../../../aarch64-linux-gnu/bin/ld: Fl_x.cxx:(.text._ZN4Fl_X8make_xidEP9Fl_WindowP11XVisualInfom+0x94c): undefined reference to `XSetTransientForHint'
/usr/lib/gcc-cross/aarch64-linux-gnu/11/../../../../aarch64-linux-gnu/bin/ld: Fl_x.cxx:(.text._ZN4Fl_X8make_xidEP9Fl_WindowP11XVisualInfom+0x9b0): undefined reference to `XInternAtom'
/usr/lib/gcc-cross/aarch64-linux-gnu/11/../../../../aarch64-linux-gnu/bin/ld: Fl_x.cxx:(.text._ZN4Fl_X8make_xidEP9Fl_WindowP11XVisualInfom+0x9d4): undefined reference to `XInternAtom'
/usr/lib/gcc-cross/aarch64-linux-gnu/11/../../../../aarch64-linux-gnu/bin/ld: Fl_x.cxx:(.text._ZN4Fl_X8make_xidEP9Fl_WindowP11XVisualInfom+0xa14): undefined reference to `XChangeProperty'
/usr/lib/gcc-cross/aarch64-linux-gnu/11/../../../../aarch64-linux-gnu/bin/ld: Fl_x.cxx:(.text._ZN4Fl_X8make_xidEP9Fl_WindowP11XVisualInfom+0xa54): undefined reference to `XInternAtom'
/usr/lib/gcc-cross/aarch64-linux-gnu/11/../../../../aarch64-linux-gnu/bin/ld: Fl_x.cxx:(.text._ZN4Fl_X8make_xidEP9Fl_WindowP11XVisualInfom+0xa78): undefined reference to `XInternAtom'
/usr/lib/gcc-cross/aarch64-linux-gnu/11/../../../../aarch64-linux-gnu/bin/ld: Fl_x.cxx:(.text._ZN4Fl_X8make_xidEP9Fl_WindowP11XVisualInfom+0xab8): undefined reference to `XChangeProperty'
/usr/lib/gcc-cross/aarch64-linux-gnu/11/../../../../aarch64-linux-gnu/bin/ld: Fl_x.cxx:(.text._ZN4Fl_X8make_xidEP9Fl_WindowP11XVisualInfom+0xb70): undefined reference to `XChangeProperty'
/usr/lib/gcc-cross/aarch64-linux-gnu/11/../../../../aarch64-linux-gnu/bin/ld: Fl_x.cxx:(.text._ZN4Fl_X8make_xidEP9Fl_WindowP11XVisualInfom+0xbb0): undefined reference to `XChangeProperty'
/usr/lib/gcc-cross/aarch64-linux-gnu/11/../../../../aarch64-linux-gnu/bin/ld: Fl_x.cxx:(.text._ZN4Fl_X8make_xidEP9Fl_WindowP11XVisualInfom+0xbfc): undefined reference to `XChangeProperty'
/usr/lib/gcc-cross/aarch64-linux-gnu/11/../../../../aarch64-linux-gnu/bin/ld: Fl_x.cxx:(.text._ZN4Fl_X8make_xidEP9Fl_WindowP11XVisualInfom+0xc00): undefined reference to `XAllocWMHints'
/usr/lib/gcc-cross/aarch64-linux-gnu/11/../../../../aarch64-linux-gnu/bin/ld: Fl_x.cxx:(.text._ZN4Fl_X8make_xidEP9Fl_WindowP11XVisualInfom+0xcc4): undefined reference to `XSetWMHints'
/usr/lib/gcc-cross/aarch64-linux-gnu/11/../../../../aarch64-linux-gnu/bin/ld: Fl_x.cxx:(.text._ZN4Fl_X8make_xidEP9Fl_WindowP11XVisualInfom+0xccc): undefined reference to `XFree'
/usr/lib/gcc-cross/aarch64-linux-gnu/11/../../../../aarch64-linux-gnu/bin/ld: Fl_x.cxx:(.text._ZN4Fl_X8make_xidEP9Fl_WindowP11XVisualInfom+0xd2c): undefined reference to `XInternAtom'
/usr/lib/gcc-cross/aarch64-linux-gnu/11/../../../../aarch64-linux-gnu/bin/ld: Fl_x.cxx:(.text._ZN4Fl_X8make_xidEP9Fl_WindowP11XVisualInfom+0xd50): undefined reference to `XInternAtom'
/usr/lib/gcc-cross/aarch64-linux-gnu/11/../../../../aarch64-linux-gnu/bin/ld: Fl_x.cxx:(.text._ZN4Fl_X8make_xidEP9Fl_WindowP11XVisualInfom+0xd90): undefined reference to `XChangeProperty'
/usr/lib/gcc-cross/aarch64-linux-gnu/11/../../../../aarch64-linux-gnu/bin/ld: Fl_x.cxx:(.text._ZN4Fl_X8make_xidEP9Fl_WindowP11XVisualInfom+0xdf8): undefined reference to `XFixesSelectSelectionInput'
/usr/lib/gcc-cross/aarch64-linux-gnu/11/../../../../aarch64-linux-gnu/bin/ld: Fl_x.cxx:(.text._ZN4Fl_X8make_xidEP9Fl_WindowP11XVisualInfom+0xe28): undefined reference to `XFixesSelectSelectionInput'
/usr/lib/gcc-cross/aarch64-linux-gnu/11/../../../../aarch64-linux-gnu/bin/ld: Fl_x.cxx:(.text._ZN4Fl_X8make_xidEP9Fl_WindowP11XVisualInfom+0xe64): undefined reference to `XMapWindow'
/usr/lib/gcc-cross/aarch64-linux-gnu/11/../../../../aarch64-linux-gnu/bin/ld: Fl_x.cxx:(.text._ZN4Fl_X8make_xidEP9Fl_WindowP11XVisualInfom+0xf48): undefined reference to `XGrabKeyboard'
/usr/lib/gcc-cross/aarch64-linux-gnu/11/../../../../aarch64-linux-gnu/bin/ld: source/fl-lib/linux-arm64/libfltk.a(Fl_x.o): in function `Fl_X::sendxjunk()':
Fl_x.cxx:(.text._ZN4Fl_X9sendxjunkEv+0x1d8): undefined reference to `XAllocSizeHints'
/usr/lib/gcc-cross/aarch64-linux-gnu/11/../../../../aarch64-linux-gnu/bin/ld: Fl_x.cxx:(.text._ZN4Fl_X9sendxjunkEv+0x4c0): undefined reference to `XSetWMNormalHints'
/usr/lib/gcc-cross/aarch64-linux-gnu/11/../../../../aarch64-linux-gnu/bin/ld: Fl_x.cxx:(.text._ZN4Fl_X9sendxjunkEv+0x50c): undefined reference to `XChangeProperty'
/usr/lib/gcc-cross/aarch64-linux-gnu/11/../../../../aarch64-linux-gnu/bin/ld: Fl_x.cxx:(.text._ZN4Fl_X9sendxjunkEv+0x514): undefined reference to `XFree'
/usr/lib/gcc-cross/aarch64-linux-gnu/11/../../../../aarch64-linux-gnu/bin/ld: source/fl-lib/linux-arm64/libfltk.a(Fl_x.o): in function `Fl_X::set_icons()':
Fl_x.cxx:(.text._ZN4Fl_X9set_iconsEv+0xe0): undefined reference to `XChangeProperty'
/usr/lib/gcc-cross/aarch64-linux-gnu/11/../../../../aarch64-linux-gnu/bin/ld: source/fl-lib/linux-arm64/libfltk.a(Fl_x.o): in function `Fl_X::set_cursor(Fl_Cursor)':
Fl_x.cxx:(.text._ZN4Fl_X10set_cursorE9Fl_Cursor+0x5c): undefined reference to `XCreateFontCursor'
/usr/lib/gcc-cross/aarch64-linux-gnu/11/../../../../aarch64-linux-gnu/bin/ld: Fl_x.cxx:(.text._ZN4Fl_X10set_cursorE9Fl_Cursor+0xa8): undefined reference to `XCreateFontCursor'
/usr/lib/gcc-cross/aarch64-linux-gnu/11/../../../../aarch64-linux-gnu/bin/ld: Fl_x.cxx:(.text._ZN4Fl_X10set_cursorE9Fl_Cursor+0xf4): undefined reference to `XCreateFontCursor'
/usr/lib/gcc-cross/aarch64-linux-gnu/11/../../../../aarch64-linux-gnu/bin/ld: Fl_x.cxx:(.text._ZN4Fl_X10set_cursorE9Fl_Cursor+0x140): undefined reference to `XCreateFontCursor'
/usr/lib/gcc-cross/aarch64-linux-gnu/11/../../../../aarch64-linux-gnu/bin/ld: Fl_x.cxx:(.text._ZN4Fl_X10set_cursorE9Fl_Cursor+0x18c): undefined reference to `XCreateFontCursor'
/usr/lib/gcc-cross/aarch64-linux-gnu/11/../../../../aarch64-linux-gnu/bin/ld: source/fl-lib/linux-arm64/libfltk.a(Fl_x.o):Fl_x.cxx:(.text._ZN4Fl_X10set_cursorE9Fl_Cursor+0x1d8): more undefined references to `XCreateFontCursor' follow
/usr/lib/gcc-cross/aarch64-linux-gnu/11/../../../../aarch64-linux-gnu/bin/ld: source/fl-lib/linux-arm64/libfltk.a(Fl_x.o): in function `Fl_X::set_cursor(Fl_Cursor)':
Fl_x.cxx:(.text._ZN4Fl_X10set_cursorE9Fl_Cursor+0x56c): undefined reference to `XDefineCursor'
/usr/lib/gcc-cross/aarch64-linux-gnu/11/../../../../aarch64-linux-gnu/bin/ld: source/fl-lib/linux-arm64/libfltk.a(Fl_x.o): in function `Fl_X::set_cursor(Fl_RGB_Image const*, int, int)':
Fl_x.cxx:(.text._ZN4Fl_X10set_cursorEPK12Fl_RGB_Imageii+0xc0): undefined reference to `XcursorImageCreate'
/usr/lib/gcc-cross/aarch64-linux-gnu/11/../../../../aarch64-linux-gnu/bin/ld: Fl_x.cxx:(.text._ZN4Fl_X10set_cursorEPK12Fl_RGB_Imageii+0x36c): undefined reference to `XcursorImageLoadCursor'
/usr/lib/gcc-cross/aarch64-linux-gnu/11/../../../../aarch64-linux-gnu/bin/ld: Fl_x.cxx:(.text._ZN4Fl_X10set_cursorEPK12Fl_RGB_Imageii+0x394): undefined reference to `XDefineCursor'
/usr/lib/gcc-cross/aarch64-linux-gnu/11/../../../../aarch64-linux-gnu/bin/ld: Fl_x.cxx:(.text._ZN4Fl_X10set_cursorEPK12Fl_RGB_Imageii+0x3a8): undefined reference to `XFreeCursor'
/usr/lib/gcc-cross/aarch64-linux-gnu/11/../../../../aarch64-linux-gnu/bin/ld: Fl_x.cxx:(.text._ZN4Fl_X10set_cursorEPK12Fl_RGB_Imageii+0x3b0): undefined reference to `XcursorImageDestroy'
/usr/lib/gcc-cross/aarch64-linux-gnu/11/../../../../aarch64-linux-gnu/bin/ld: source/fl-lib/linux-arm64/libfltk.a(Fl_x.o): in function `Fl_Window::label(char const*, char const*)':
Fl_x.cxx:(.text._ZN9Fl_Window5labelEPKcS1_+0xf4): undefined reference to `XChangeProperty'
/usr/lib/gcc-cross/aarch64-linux-gnu/11/../../../../aarch64-linux-gnu/bin/ld: Fl_x.cxx:(.text._ZN9Fl_Window5labelEPKcS1_+0x130): undefined reference to `XChangeProperty'
/usr/lib/gcc-cross/aarch64-linux-gnu/11/../../../../aarch64-linux-gnu/bin/ld: Fl_x.cxx:(.text._ZN9Fl_Window5labelEPKcS1_+0x17c): undefined reference to `XChangeProperty'
/usr/lib/gcc-cross/aarch64-linux-gnu/11/../../../../aarch64-linux-gnu/bin/ld: Fl_x.cxx:(.text._ZN9Fl_Window5labelEPKcS1_+0x1b8): undefined reference to `XChangeProperty'
/usr/lib/gcc-cross/aarch64-linux-gnu/11/../../../../aarch64-linux-gnu/bin/ld: source/fl-lib/linux-arm64/libfltk.a(Fl_x.o): in function `Fl_Window::show()':
Fl_x.cxx:(.text._ZN9Fl_Window4showEv+0x144): undefined reference to `XMapRaised'
/usr/lib/gcc-cross/aarch64-linux-gnu/11/../../../../aarch64-linux-gnu/bin/ld: source/fl-lib/linux-arm64/libfltk.a(Fl_x.o): in function `Fl_Window::make_current()':
Fl_x.cxx:(.text._ZN9Fl_Window12make_currentEv+0x8c): undefined reference to `XCreateGC'
/usr/lib/gcc-cross/aarch64-linux-gnu/11/../../../../aarch64-linux-gnu/bin/ld: source/fl-lib/linux-arm64/libfltk.a(Fl_x.o): in function `decorated_win_size(Fl_Window*, int&, int&)':
Fl_x.cxx:(.text._ZL18decorated_win_sizeP9Fl_WindowRiS1_+0xf4): undefined reference to `XQueryTree'
/usr/lib/gcc-cross/aarch64-linux-gnu/11/../../../../aarch64-linux-gnu/bin/ld: Fl_x.cxx:(.text._ZL18decorated_win_sizeP9Fl_WindowRiS1_+0x118): undefined reference to `XFree'
/usr/lib/gcc-cross/aarch64-linux-gnu/11/../../../../aarch64-linux-gnu/bin/ld: Fl_x.cxx:(.text._ZL18decorated_win_sizeP9Fl_WindowRiS1_+0x14c): undefined reference to `XGetWindowAttributes'
/usr/lib/gcc-cross/aarch64-linux-gnu/11/../../../../aarch64-linux-gnu/bin/ld: source/fl-lib/linux-arm64/libfltk.a(Fl_x.o): in function `Fl_Paged_Device::draw_decorated_window(Fl_Window*, int, int, Fl_Surface_Device*)':
Fl_x.cxx:(.text._ZN15Fl_Paged_Device21draw_decorated_windowEP9Fl_WindowiiP17Fl_Surface_Device+0xc8): undefined reference to `XQueryTree'
/usr/lib/gcc-cross/aarch64-linux-gnu/11/../../../../aarch64-linux-gnu/bin/ld: Fl_x.cxx:(.text._ZN15Fl_Paged_Device21draw_decorated_windowEP9Fl_WindowiiP17Fl_Surface_Device+0x11c): undefined reference to `XTranslateCoordinates'
/usr/lib/gcc-cross/aarch64-linux-gnu/11/../../../../aarch64-linux-gnu/bin/ld: Fl_x.cxx:(.text._ZN15Fl_Paged_Device21draw_decorated_windowEP9Fl_WindowiiP17Fl_Surface_Device+0x148): undefined reference to `XFree'
/usr/lib/gcc-cross/aarch64-linux-gnu/11/../../../../aarch64-linux-gnu/bin/ld: source/fl-lib/linux-arm64/libfltk.a(fl_ask.o): in function `fl_beep(int)':
fl_ask.cxx:(.text._Z7fl_beepi+0x4c): undefined reference to `XBell'
/usr/lib/gcc-cross/aarch64-linux-gnu/11/../../../../aarch64-linux-gnu/bin/ld: fl_ask.cxx:(.text._Z7fl_beepi+0x7c): undefined reference to `XBell'
/usr/lib/gcc-cross/aarch64-linux-gnu/11/../../../../aarch64-linux-gnu/bin/ld: source/fl-lib/linux-arm64/libfltk.a(fl_color.o): in function `Fl_Xlib_Graphics_Driver::color(unsigned int)':
fl_color.cxx:(.text._ZN23Fl_Xlib_Graphics_Driver5colorEj+0xa8): undefined reference to `XSetForeground'
/usr/lib/gcc-cross/aarch64-linux-gnu/11/../../../../aarch64-linux-gnu/bin/ld: source/fl-lib/linux-arm64/libfltk.a(fl_color.o): in function `Fl_Xlib_Graphics_Driver::color(unsigned char, unsigned char, unsigned char)':
fl_color.cxx:(.text._ZN23Fl_Xlib_Graphics_Driver5colorEhhh+0x84): undefined reference to `XSetForeground'
/usr/lib/gcc-cross/aarch64-linux-gnu/11/../../../../aarch64-linux-gnu/bin/ld: source/fl-lib/linux-arm64/libfltk.a(fl_color.o): in function `fl_xpixel(unsigned int)':
fl_color.cxx:(.text._Z9fl_xpixelj+0x2a0): undefined reference to `XAllocColor'
/usr/lib/gcc-cross/aarch64-linux-gnu/11/../../../../aarch64-linux-gnu/bin/ld: fl_color.cxx:(.text._Z9fl_xpixelj+0x420): undefined reference to `XQueryColors'
/usr/lib/gcc-cross/aarch64-linux-gnu/11/../../../../aarch64-linux-gnu/bin/ld: fl_color.cxx:(.text._Z9fl_xpixelj+0x55c): undefined reference to `XAllocColor'
/usr/lib/gcc-cross/aarch64-linux-gnu/11/../../../../aarch64-linux-gnu/bin/ld: source/fl-lib/linux-arm64/libfltk.a(fl_color.o): in function `Fl::free_color(unsigned int, int)':
fl_color.cxx:(.text._ZN2Fl10free_colorEji+0xc8): undefined reference to `XFreeColors'
/usr/lib/gcc-cross/aarch64-linux-gnu/11/../../../../aarch64-linux-gnu/bin/ld: source/fl-lib/linux-arm64/libfltk.a(fl_dnd.o): in function `dnd_aware(unsigned long&)':
fl_dnd.cxx:(.text._ZL9dnd_awareRm+0x84): undefined reference to `XGetWindowProperty'
/usr/lib/gcc-cross/aarch64-linux-gnu/11/../../../../aarch64-linux-gnu/bin/ld: fl_dnd.cxx:(.text._ZL9dnd_awareRm+0xd8): undefined reference to `XFree'
/usr/lib/gcc-cross/aarch64-linux-gnu/11/../../../../aarch64-linux-gnu/bin/ld: source/fl-lib/linux-arm64/libfltk.a(fl_dnd.o): in function `Fl::dnd()':
fl_dnd.cxx:(.text._ZN2Fl3dndEv+0x9c): undefined reference to `XSetSelectionOwner'
/usr/lib/gcc-cross/aarch64-linux-gnu/11/../../../../aarch64-linux-gnu/bin/ld: fl_dnd.cxx:(.text._ZN2Fl3dndEv+0x124): undefined reference to `XQueryPointer'
/usr/lib/gcc-cross/aarch64-linux-gnu/11/../../../../aarch64-linux-gnu/bin/ld: fl_dnd.cxx:(.text._ZN2Fl3dndEv+0x6cc): undefined reference to `XSendEvent'
/usr/lib/gcc-cross/aarch64-linux-gnu/11/../../../../aarch64-linux-gnu/bin/ld: fl_dnd.cxx:(.text._ZN2Fl3dndEv+0x70c): undefined reference to `XSendEvent'
/usr/lib/gcc-cross/aarch64-linux-gnu/11/../../../../aarch64-linux-gnu/bin/ld: source/fl-lib/linux-arm64/libfltk.a(fl_draw.o): in function `fl_draw(char const*, int, int, int, int, unsigned int, void (*)(char const*, int, int, int), Fl_Image*, int)':
fl_draw.cxx:(.text._Z7fl_drawPKciiiijPFvS0_iiiEP8Fl_Imagei+0x1f0): undefined reference to `strlcpy'
/usr/lib/gcc-cross/aarch64-linux-gnu/11/../../../../aarch64-linux-gnu/bin/ld: source/fl-lib/linux-arm64/libfltk.a(fl_draw_image.o): in function `figure_out_visual()':
fl_draw_image.cxx:(.text._ZL17figure_out_visualv+0x44): undefined reference to `XListPixmapFormats'
/usr/lib/gcc-cross/aarch64-linux-gnu/11/../../../../aarch64-linux-gnu/bin/ld: source/fl-lib/linux-arm64/libfltk.a(fl_draw_image.o): in function `innards(unsigned char const*, int, int, int, int, int, int, int, void (*)(void*, int, int, int, unsigned char*), void*, bool)':
fl_draw_image.cxx:(.text._ZL7innardsPKhiiiiiiiPFvPviiiPhES1_b+0x204): undefined reference to `XCreateGC'
/usr/lib/gcc-cross/aarch64-linux-gnu/11/../../../../aarch64-linux-gnu/bin/ld: fl_draw_image.cxx:(.text._ZL7innardsPKhiiiiiiiPFvPviiiPhES1_b+0x53c): undefined reference to `XPutImage'
/usr/lib/gcc-cross/aarch64-linux-gnu/11/../../../../aarch64-linux-gnu/bin/ld: fl_draw_image.cxx:(.text._ZL7innardsPKhiiiiiiiPFvPviiiPhES1_b+0x6c4): undefined reference to `XPutImage'
/usr/lib/gcc-cross/aarch64-linux-gnu/11/../../../../aarch64-linux-gnu/bin/ld: source/fl-lib/linux-arm64/libfltk.a(fl_draw_pixmap.o): in function `fl_measure_pixmap(char const* const*, int&, int&)':
fl_draw_pixmap.cxx:(.text._Z17fl_measure_pixmapPKPKcRiS3_+0x40): undefined reference to `__isoc23_sscanf'
/usr/lib/gcc-cross/aarch64-linux-gnu/11/../../../../aarch64-linux-gnu/bin/ld: source/fl-lib/linux-arm64/libfltk.a(fl_font.o): in function `fontopen(char const*, int, bool, int)':
fl_font.cxx:(.text._ZL8fontopenPKcibi+0x100): undefined reference to `FcPatternCreate'
/usr/lib/gcc-cross/aarch64-linux-gnu/11/../../../../aarch64-linux-gnu/bin/ld: fl_font.cxx:(.text._ZL8fontopenPKcibi+0x1ec): undefined reference to `FcPatternAddString'
/usr/lib/gcc-cross/aarch64-linux-gnu/11/../../../../aarch64-linux-gnu/bin/ld: fl_font.cxx:(.text._ZL8fontopenPKcibi+0x29c): undefined reference to `FcPatternAddString'
/usr/lib/gcc-cross/aarch64-linux-gnu/11/../../../../aarch64-linux-gnu/bin/ld: fl_font.cxx:(.text._ZL8fontopenPKcibi+0x2b0): undefined reference to `FcPatternAddInteger'
/usr/lib/gcc-cross/aarch64-linux-gnu/11/../../../../aarch64-linux-gnu/bin/ld: fl_font.cxx:(.text._ZL8fontopenPKcibi+0x2c4): undefined reference to `FcPatternAddInteger'
/usr/lib/gcc-cross/aarch64-linux-gnu/11/../../../../aarch64-linux-gnu/bin/ld: fl_font.cxx:(.text._ZL8fontopenPKcibi+0x2dc): undefined reference to `FcPatternAddDouble'
/usr/lib/gcc-cross/aarch64-linux-gnu/11/../../../../aarch64-linux-gnu/bin/ld: fl_font.cxx:(.text._ZL8fontopenPKcibi+0x2fc): undefined reference to `FcPatternAddString'
/usr/lib/gcc-cross/aarch64-linux-gnu/11/../../../../aarch64-linux-gnu/bin/ld: fl_font.cxx:(.text._ZL8fontopenPKcibi+0x388): undefined reference to `FcMatrixRotate'
/usr/lib/gcc-cross/aarch64-linux-gnu/11/../../../../aarch64-linux-gnu/bin/ld: fl_font.cxx:(.text._ZL8fontopenPKcibi+0x3a0): undefined reference to `FcPatternAddMatrix'
/usr/lib/gcc-cross/aarch64-linux-gnu/11/../../../../aarch64-linux-gnu/bin/ld: fl_font.cxx:(.text._ZL8fontopenPKcibi+0x3c4): undefined reference to `FcPatternAddBool'
/usr/lib/gcc-cross/aarch64-linux-gnu/11/../../../../aarch64-linux-gnu/bin/ld: fl_font.cxx:(.text._ZL8fontopenPKcibi+0x3d8): undefined reference to `FcPatternAddBool'
/usr/lib/gcc-cross/aarch64-linux-gnu/11/../../../../aarch64-linux-gnu/bin/ld: fl_font.cxx:(.text._ZL8fontopenPKcibi+0x408): undefined reference to `XftFontMatch'
/usr/lib/gcc-cross/aarch64-linux-gnu/11/../../../../aarch64-linux-gnu/bin/ld: fl_font.cxx:(.text._ZL8fontopenPKcibi+0x42c): undefined reference to `XftFontOpenPattern'
/usr/lib/gcc-cross/aarch64-linux-gnu/11/../../../../aarch64-linux-gnu/bin/ld: fl_font.cxx:(.text._ZL8fontopenPKcibi+0x494): undefined reference to `XftFontOpen'
/usr/lib/gcc-cross/aarch64-linux-gnu/11/../../../../aarch64-linux-gnu/bin/ld: fl_font.cxx:(.text._ZL8fontopenPKcibi+0x4a0): undefined reference to `FcPatternDestroy'
/usr/lib/gcc-cross/aarch64-linux-gnu/11/../../../../aarch64-linux-gnu/bin/ld: fl_font.cxx:(.text._ZL8fontopenPKcibi+0x4dc): undefined reference to `FcPatternDestroy'
/usr/lib/gcc-cross/aarch64-linux-gnu/11/../../../../aarch64-linux-gnu/bin/ld: fl_font.cxx:(.text._ZL8fontopenPKcibi+0x53c): undefined reference to `XftFontOpenXlfd'
/usr/lib/gcc-cross/aarch64-linux-gnu/11/../../../../aarch64-linux-gnu/bin/ld: source/fl-lib/linux-arm64/libfltk.a(fl_font.o): in function `utf8extents(Fl_Font_Descriptor*, char const*, int, _XGlyphInfo*)':
fl_font.cxx:(.text._ZL11utf8extentsP18Fl_Font_DescriptorPKciP11_XGlyphInfo+0x68): undefined reference to `XftTextExtents32'
/usr/lib/gcc-cross/aarch64-linux-gnu/11/../../../../aarch64-linux-gnu/bin/ld: source/fl-lib/linux-arm64/libfltk.a(fl_font.o): in function `fl_xft_width(Fl_Font_Descriptor*, unsigned int*, int)':
fl_font.cxx:(.text._ZL12fl_xft_widthP18Fl_Font_DescriptorPji+0x6c): undefined reference to `XftTextExtents32'
/usr/lib/gcc-cross/aarch64-linux-gnu/11/../../../../aarch64-linux-gnu/bin/ld: source/fl-lib/linux-arm64/libfltk.a(fl_font.o): in function `load_xfont_for_xft2(Fl_Graphics_Driver*)':
fl_font.cxx:(.text._ZL19load_xfont_for_xft2P18Fl_Graphics_Driver+0x150): undefined reference to `XLoadQueryFont'
/usr/lib/gcc-cross/aarch64-linux-gnu/11/../../../../aarch64-linux-gnu/bin/ld: fl_font.cxx:(.text._ZL19load_xfont_for_xft2P18Fl_Graphics_Driver+0x174): undefined reference to `XFreeFont'
/usr/lib/gcc-cross/aarch64-linux-gnu/11/../../../../aarch64-linux-gnu/bin/ld: fl_font.cxx:(.text._ZL19load_xfont_for_xft2P18Fl_Graphics_Driver+0x1c8): undefined reference to `XLoadQueryFont'
/usr/lib/gcc-cross/aarch64-linux-gnu/11/../../../../aarch64-linux-gnu/bin/ld: fl_font.cxx:(.text._ZL19load_xfont_for_xft2P18Fl_Graphics_Driver+0x2f0): undefined reference to `XLoadQueryFont'
/usr/lib/gcc-cross/aarch64-linux-gnu/11/../../../../aarch64-linux-gnu/bin/ld: fl_font.cxx:(.text._ZL19load_xfont_for_xft2P18Fl_Graphics_Driver+0x354): undefined reference to `XLoadQueryFont'
/usr/lib/gcc-cross/aarch64-linux-gnu/11/../../../../aarch64-linux-gnu/bin/ld: fl_font.cxx:(.text._ZL19load_xfont_for_xft2P18Fl_Graphics_Driver+0x3c4): undefined reference to `XLoadQueryFont'
/usr/lib/gcc-cross/aarch64-linux-gnu/11/../../../../aarch64-linux-gnu/bin/ld: fl_font.cxx:(.text._ZL19load_xfont_for_xft2P18Fl_Graphics_Driver+0x420): undefined reference to `XLoadQueryFont'
/usr/lib/gcc-cross/aarch64-linux-gnu/11/../../../../aarch64-linux-gnu/bin/ld: source/fl-lib/linux-arm64/libfltk.a(fl_font.o):fl_font.cxx:(.text._ZL19load_xfont_for_xft2P18Fl_Graphics_Driver+0x44c): more undefined references to `XLoadQueryFont' follow
/usr/lib/gcc-cross/aarch64-linux-gnu/11/../../../../aarch64-linux-gnu/bin/ld: source/fl-lib/linux-arm64/libfltk.a(fl_font.o): in function `fl_xxfont(Fl_Graphics_Driver*)':
fl_font.cxx:(.text._ZL9fl_xxfontP18Fl_Graphics_Driver+0xac): undefined reference to `XFreeFont'
/usr/lib/gcc-cross/aarch64-linux-gnu/11/../../../../aarch64-linux-gnu/bin/ld: source/fl-lib/linux-arm64/libfltk.a(fl_font.o): in function `fl_destroy_xft_draw(unsigned long)':
fl_font.cxx:(.text._Z19fl_destroy_xft_drawm+0x5c): undefined reference to `XftDrawChange'
/usr/lib/gcc-cross/aarch64-linux-gnu/11/../../../../aarch64-linux-gnu/bin/ld: source/fl-lib/linux-arm64/libfltk.a(fl_font.o): in function `Fl_Xlib_Graphics_Driver::draw(char const*, int, int, int)':
fl_font.cxx:(.text._ZN23Fl_Xlib_Graphics_Driver4drawEPKciii+0xec): undefined reference to `XftDrawCreate'
/usr/lib/gcc-cross/aarch64-linux-gnu/11/../../../../aarch64-linux-gnu/bin/ld: fl_font.cxx:(.text._ZN23Fl_Xlib_Graphics_Driver4drawEPKciii+0x13c): undefined reference to `XftDrawChange'
/usr/lib/gcc-cross/aarch64-linux-gnu/11/../../../../aarch64-linux-gnu/bin/ld: fl_font.cxx:(.text._ZN23Fl_Xlib_Graphics_Driver4drawEPKciii+0x158): undefined reference to `XEmptyRegion'
/usr/lib/gcc-cross/aarch64-linux-gnu/11/../../../../aarch64-linux-gnu/bin/ld: fl_font.cxx:(.text._ZN23Fl_Xlib_Graphics_Driver4drawEPKciii+0x18c): undefined reference to `XftDrawSetClip'
/usr/lib/gcc-cross/aarch64-linux-gnu/11/../../../../aarch64-linux-gnu/bin/ld: fl_font.cxx:(.text._ZN23Fl_Xlib_Graphics_Driver4drawEPKciii+0x278): undefined reference to `XftDrawString32'
/usr/lib/gcc-cross/aarch64-linux-gnu/11/../../../../aarch64-linux-gnu/bin/ld: source/fl-lib/linux-arm64/libfltk.a(fl_font.o): in function `fl_drawUCS4(Fl_Graphics_Driver*, unsigned int const*, int, int, int)':
fl_font.cxx:(.text._ZL11fl_drawUCS4P18Fl_Graphics_DriverPKjiii+0xa0): undefined reference to `XftDrawCreate'
/usr/lib/gcc-cross/aarch64-linux-gnu/11/../../../../aarch64-linux-gnu/bin/ld: fl_font.cxx:(.text._ZL11fl_drawUCS4P18Fl_Graphics_DriverPKjiii+0xf0): undefined reference to `XftDrawChange'
/usr/lib/gcc-cross/aarch64-linux-gnu/11/../../../../aarch64-linux-gnu/bin/ld: fl_font.cxx:(.text._ZL11fl_drawUCS4P18Fl_Graphics_DriverPKjiii+0x10c): undefined reference to `XEmptyRegion'
/usr/lib/gcc-cross/aarch64-linux-gnu/11/../../../../aarch64-linux-gnu/bin/ld: fl_font.cxx:(.text._ZL11fl_drawUCS4P18Fl_Graphics_DriverPKjiii+0x140): undefined reference to `XftDrawSetClip'
/usr/lib/gcc-cross/aarch64-linux-gnu/11/../../../../aarch64-linux-gnu/bin/ld: fl_font.cxx:(.text._ZL11fl_drawUCS4P18Fl_Graphics_DriverPKjiii+0x214): undefined reference to `XftDrawString32'
/usr/lib/gcc-cross/aarch64-linux-gnu/11/../../../../aarch64-linux-gnu/bin/ld: source/fl-lib/linux-arm64/libfltk.a(fl_font.o): in function `Fl_Xlib_Graphics_Driver::rtl_draw(char const*, int, int, int)':
fl_font.cxx:(.text._ZN23Fl_Xlib_Graphics_Driver8rtl_drawEPKciii+0x60): undefined reference to `FcUtf8Len'
/usr/lib/gcc-cross/aarch64-linux-gnu/11/../../../../aarch64-linux-gnu/bin/ld: fl_font.cxx:(.text._ZN23Fl_Xlib_Graphics_Driver8rtl_drawEPKciii+0xfc): undefined reference to `FcUtf8ToUcs4'
/usr/lib/gcc-cross/aarch64-linux-gnu/11/../../../../aarch64-linux-gnu/bin/ld: source/fl-lib/linux-arm64/libfltk.a(fl_line_style.o): in function `Fl_Graphics_Driver::line_style(int, int, char*)':
fl_line_style.cxx:(.text._ZN18Fl_Graphics_Driver10line_styleEiiPc+0x370): undefined reference to `XSetLineAttributes'
/usr/lib/gcc-cross/aarch64-linux-gnu/11/../../../../aarch64-linux-gnu/bin/ld: fl_line_style.cxx:(.text._ZN18Fl_Graphics_Driver10line_styleEiiPc+0x3ac): undefined reference to `XSetDashes'
/usr/lib/gcc-cross/aarch64-linux-gnu/11/../../../../aarch64-linux-gnu/bin/ld: source/fl-lib/linux-arm64/libfltk.a(fl_read_image.o): in function `read_win_rectangle(unsigned char*, int, int, int, int, int)':
fl_read_image.cxx:(.text._ZL18read_win_rectanglePhiiiii+0x12c): undefined reference to `XTranslateCoordinates'
/usr/lib/gcc-cross/aarch64-linux-gnu/11/../../../../aarch64-linux-gnu/bin/ld: fl_read_image.cxx:(.text._ZL18read_win_rectanglePhiiiii+0x1c4): undefined reference to `XSetErrorHandler'
/usr/lib/gcc-cross/aarch64-linux-gnu/11/../../../../aarch64-linux-gnu/bin/ld: fl_read_image.cxx:(.text._ZL18read_win_rectanglePhiiiii+0x20c): undefined reference to `XGetImage'
/usr/lib/gcc-cross/aarch64-linux-gnu/11/../../../../aarch64-linux-gnu/bin/ld: fl_read_image.cxx:(.text._ZL18read_win_rectanglePhiiiii+0x218): undefined reference to `XSetErrorHandler'
/usr/lib/gcc-cross/aarch64-linux-gnu/11/../../../../aarch64-linux-gnu/bin/ld: fl_read_image.cxx:(.text._ZL18read_win_rectanglePhiiiii+0x35c): undefined reference to `XCreateImage'
/usr/lib/gcc-cross/aarch64-linux-gnu/11/../../../../aarch64-linux-gnu/bin/ld: fl_read_image.cxx:(.text._ZL18read_win_rectanglePhiiiii+0x394): undefined reference to `XSetErrorHandler'
/usr/lib/gcc-cross/aarch64-linux-gnu/11/../../../../aarch64-linux-gnu/bin/ld: fl_read_image.cxx:(.text._ZL18read_win_rectanglePhiiiii+0x410): undefined reference to `XGetSubImage'
/usr/lib/gcc-cross/aarch64-linux-gnu/11/../../../../aarch64-linux-gnu/bin/ld: fl_read_image.cxx:(.text._ZL18read_win_rectanglePhiiiii+0x41c): undefined reference to `XSetErrorHandler'
/usr/lib/gcc-cross/aarch64-linux-gnu/11/../../../../aarch64-linux-gnu/bin/ld: fl_read_image.cxx:(.text._ZL18read_win_rectanglePhiiiii+0x5d0): undefined reference to `XQueryColors'
/usr/lib/gcc-cross/aarch64-linux-gnu/11/../../../../aarch64-linux-gnu/bin/ld: source/fl-lib/linux-arm64/libfltk.a(fl_rect.o): in function `Fl_Graphics_Driver::rect(int, int, int, int)':
fl_rect.cxx:(.text._ZN18Fl_Graphics_Driver4rectEiiii+0xa8): undefined reference to `XDrawRectangle'
/usr/lib/gcc-cross/aarch64-linux-gnu/11/../../../../aarch64-linux-gnu/bin/ld: source/fl-lib/linux-arm64/libfltk.a(fl_rect.o): in function `Fl_Graphics_Driver::rectf(int, int, int, int)':
fl_rect.cxx:(.text._ZN18Fl_Graphics_Driver5rectfEiiii+0xac): undefined reference to `XFillRectangle'
/usr/lib/gcc-cross/aarch64-linux-gnu/11/../../../../aarch64-linux-gnu/bin/ld: source/fl-lib/linux-arm64/libfltk.a(fl_rect.o): in function `Fl_Graphics_Driver::xyline(int, int, int)':
fl_rect.cxx:(.text._ZN18Fl_Graphics_Driver6xylineEiii+0x90): undefined reference to `XDrawLine'
/usr/lib/gcc-cross/aarch64-linux-gnu/11/../../../../aarch64-linux-gnu/bin/ld: source/fl-lib/linux-arm64/libfltk.a(fl_rect.o): in function `Fl_Graphics_Driver::xyline(int, int, int, int)':
fl_rect.cxx:(.text._ZN18Fl_Graphics_Driver6xylineEiiii+0xc0): undefined reference to `XDrawLines'
/usr/lib/gcc-cross/aarch64-linux-gnu/11/../../../../aarch64-linux-gnu/bin/ld: source/fl-lib/linux-arm64/libfltk.a(fl_rect.o): in function `Fl_Graphics_Driver::xyline(int, int, int, int, int)':
fl_rect.cxx:(.text._ZN18Fl_Graphics_Driver6xylineEiiiii+0xdc): undefined reference to `XDrawLines'
/usr/lib/gcc-cross/aarch64-linux-gnu/11/../../../../aarch64-linux-gnu/bin/ld: source/fl-lib/linux-arm64/libfltk.a(fl_rect.o): in function `Fl_Graphics_Driver::yxline(int, int, int)':
fl_rect.cxx:(.text._ZN18Fl_Graphics_Driver6yxlineEiii+0x90): undefined reference to `XDrawLine'
/usr/lib/gcc-cross/aarch64-linux-gnu/11/../../../../aarch64-linux-gnu/bin/ld: source/fl-lib/linux-arm64/libfltk.a(fl_rect.o): in function `Fl_Graphics_Driver::yxline(int, int, int, int)':
fl_rect.cxx:(.text._ZN18Fl_Graphics_Driver6yxlineEiiii+0xc0): undefined reference to `XDrawLines'
/usr/lib/gcc-cross/aarch64-linux-gnu/11/../../../../aarch64-linux-gnu/bin/ld: source/fl-lib/linux-arm64/libfltk.a(fl_rect.o): in function `Fl_Graphics_Driver::yxline(int, int, int, int, int)':
fl_rect.cxx:(.text._ZN18Fl_Graphics_Driver6yxlineEiiiii+0xdc): undefined reference to `XDrawLines'
/usr/lib/gcc-cross/aarch64-linux-gnu/11/../../../../aarch64-linux-gnu/bin/ld: source/fl-lib/linux-arm64/libfltk.a(fl_rect.o): in function `Fl_Graphics_Driver::line(int, int, int, int)':
fl_rect.cxx:(.text._ZN18Fl_Graphics_Driver4lineEiiii+0x58): undefined reference to `XDrawLine'
/usr/lib/gcc-cross/aarch64-linux-gnu/11/../../../../aarch64-linux-gnu/bin/ld: source/fl-lib/linux-arm64/libfltk.a(fl_rect.o): in function `Fl_Graphics_Driver::line(int, int, int, int, int, int)':
fl_rect.cxx:(.text._ZN18Fl_Graphics_Driver4lineEiiiiii+0xc0): undefined reference to `XDrawLines'
/usr/lib/gcc-cross/aarch64-linux-gnu/11/../../../../aarch64-linux-gnu/bin/ld: source/fl-lib/linux-arm64/libfltk.a(fl_rect.o): in function `Fl_Graphics_Driver::loop(int, int, int, int, int, int)':
fl_rect.cxx:(.text._ZN18Fl_Graphics_Driver4loopEiiiiii+0xd8): undefined reference to `XDrawLines'
/usr/lib/gcc-cross/aarch64-linux-gnu/11/../../../../aarch64-linux-gnu/bin/ld: source/fl-lib/linux-arm64/libfltk.a(fl_rect.o): in function `Fl_Graphics_Driver::loop(int, int, int, int, int, int, int, int)':
fl_rect.cxx:(.text._ZN18Fl_Graphics_Driver4loopEiiiiiiii+0xf4): undefined reference to `XDrawLines'
/usr/lib/gcc-cross/aarch64-linux-gnu/11/../../../../aarch64-linux-gnu/bin/ld: source/fl-lib/linux-arm64/libfltk.a(fl_rect.o): in function `Fl_Graphics_Driver::polygon(int, int, int, int, int, int)':
fl_rect.cxx:(.text._ZN18Fl_Graphics_Driver7polygonEiiiiii+0xdc): undefined reference to `XFillPolygon'
/usr/lib/gcc-cross/aarch64-linux-gnu/11/../../../../aarch64-linux-gnu/bin/ld: fl_rect.cxx:(.text._ZN18Fl_Graphics_Driver7polygonEiiiiii+0x11c): undefined reference to `XDrawLines'
/usr/lib/gcc-cross/aarch64-linux-gnu/11/../../../../aarch64-linux-gnu/bin/ld: source/fl-lib/linux-arm64/libfltk.a(fl_rect.o): in function `Fl_Graphics_Driver::polygon(int, int, int, int, int, int, int, int)':
fl_rect.cxx:(.text._ZN18Fl_Graphics_Driver7polygonEiiiiiiii+0xf8): undefined reference to `XFillPolygon'
/usr/lib/gcc-cross/aarch64-linux-gnu/11/../../../../aarch64-linux-gnu/bin/ld: fl_rect.cxx:(.text._ZN18Fl_Graphics_Driver7polygonEiiiiiiii+0x138): undefined reference to `XDrawLines'
/usr/lib/gcc-cross/aarch64-linux-gnu/11/../../../../aarch64-linux-gnu/bin/ld: source/fl-lib/linux-arm64/libfltk.a(fl_rect.o): in function `Fl_Graphics_Driver::point(int, int)':
fl_rect.cxx:(.text._ZN18Fl_Graphics_Driver5pointEii+0x68): undefined reference to `XDrawPoint'
/usr/lib/gcc-cross/aarch64-linux-gnu/11/../../../../aarch64-linux-gnu/bin/ld: source/fl-lib/linux-arm64/libfltk.a(fl_rect.o): in function `XRectangleRegion(int, int, int, int)':
fl_rect.cxx:(.text._Z16XRectangleRegioniiii+0x74): undefined reference to `XCreateRegion'
/usr/lib/gcc-cross/aarch64-linux-gnu/11/../../../../aarch64-linux-gnu/bin/ld: fl_rect.cxx:(.text._Z16XRectangleRegioniiii+0x88): undefined reference to `XUnionRectWithRegion'
/usr/lib/gcc-cross/aarch64-linux-gnu/11/../../../../aarch64-linux-gnu/bin/ld: source/fl-lib/linux-arm64/libfltk.a(fl_rect.o): in function `Fl_Graphics_Driver::restore_clip()':
fl_rect.cxx:(.text._ZN18Fl_Graphics_Driver12restore_clipEv+0x80): undefined reference to `XSetRegion'
/usr/lib/gcc-cross/aarch64-linux-gnu/11/../../../../aarch64-linux-gnu/bin/ld: fl_rect.cxx:(.text._ZN18Fl_Graphics_Driver12restore_clipEv+0xac): undefined reference to `XSetClipMask'
/usr/lib/gcc-cross/aarch64-linux-gnu/11/../../../../aarch64-linux-gnu/bin/ld: source/fl-lib/linux-arm64/libfltk.a(fl_rect.o): in function `Fl_Graphics_Driver::clip_region(_XRegion*)':
fl_rect.cxx:(.text._ZN18Fl_Graphics_Driver11clip_regionEP8_XRegion+0x3c): undefined reference to `XDestroyRegion'
/usr/lib/gcc-cross/aarch64-linux-gnu/11/../../../../aarch64-linux-gnu/bin/ld: source/fl-lib/linux-arm64/libfltk.a(fl_rect.o): in function `Fl_Graphics_Driver::push_clip(int, int, int, int)':
fl_rect.cxx:(.text._ZN18Fl_Graphics_Driver9push_clipEiiii+0x74): undefined reference to `XCreateRegion'
/usr/lib/gcc-cross/aarch64-linux-gnu/11/../../../../aarch64-linux-gnu/bin/ld: fl_rect.cxx:(.text._ZN18Fl_Graphics_Driver9push_clipEiiii+0x88): undefined reference to `XIntersectRegion'
/usr/lib/gcc-cross/aarch64-linux-gnu/11/../../../../aarch64-linux-gnu/bin/ld: fl_rect.cxx:(.text._ZN18Fl_Graphics_Driver9push_clipEiiii+0x90): undefined reference to `XDestroyRegion'
/usr/lib/gcc-cross/aarch64-linux-gnu/11/../../../../aarch64-linux-gnu/bin/ld: fl_rect.cxx:(.text._ZN18Fl_Graphics_Driver9push_clipEiiii+0xa0): undefined reference to `XCreateRegion'
/usr/lib/gcc-cross/aarch64-linux-gnu/11/../../../../aarch64-linux-gnu/bin/ld: source/fl-lib/linux-arm64/libfltk.a(fl_rect.o): in function `Fl_Graphics_Driver::pop_clip()':
fl_rect.cxx:(.text._ZN18Fl_Graphics_Driver8pop_clipEv+0x54): undefined reference to `XDestroyRegion'
/usr/lib/gcc-cross/aarch64-linux-gnu/11/../../../../aarch64-linux-gnu/bin/ld: source/fl-lib/linux-arm64/libfltk.a(fl_rect.o): in function `Fl_Graphics_Driver::not_clipped(int, int, int, int)':
fl_rect.cxx:(.text._ZN18Fl_Graphics_Driver11not_clippedEiiii+0xd4): undefined reference to `XRectInRegion'
/usr/lib/gcc-cross/aarch64-linux-gnu/11/../../../../aarch64-linux-gnu/bin/ld: source/fl-lib/linux-arm64/libfltk.a(fl_rect.o): in function `Fl_Graphics_Driver::clip_box(int, int, int, int, int&, int&, int&, int&)':
fl_rect.cxx:(.text._ZN18Fl_Graphics_Driver8clip_boxEiiiiRiS0_S0_S0_+0xc4): undefined reference to `XRectInRegion'
/usr/lib/gcc-cross/aarch64-linux-gnu/11/../../../../aarch64-linux-gnu/bin/ld: fl_rect.cxx:(.text._ZN18Fl_Graphics_Driver8clip_boxEiiiiRiS0_S0_S0_+0xf4): undefined reference to `XCreateRegion'
/usr/lib/gcc-cross/aarch64-linux-gnu/11/../../../../aarch64-linux-gnu/bin/ld: fl_rect.cxx:(.text._ZN18Fl_Graphics_Driver8clip_boxEiiiiRiS0_S0_S0_+0x108): undefined reference to `XIntersectRegion'
/usr/lib/gcc-cross/aarch64-linux-gnu/11/../../../../aarch64-linux-gnu/bin/ld: fl_rect.cxx:(.text._ZN18Fl_Graphics_Driver8clip_boxEiiiiRiS0_S0_S0_+0x118): undefined reference to `XClipBox'
/usr/lib/gcc-cross/aarch64-linux-gnu/11/../../../../aarch64-linux-gnu/bin/ld: fl_rect.cxx:(.text._ZN18Fl_Graphics_Driver8clip_boxEiiiiRiS0_S0_S0_+0x160): undefined reference to `XDestroyRegion'
/usr/lib/gcc-cross/aarch64-linux-gnu/11/../../../../aarch64-linux-gnu/bin/ld: fl_rect.cxx:(.text._ZN18Fl_Graphics_Driver8clip_boxEiiiiRiS0_S0_S0_+0x168): undefined reference to `XDestroyRegion'
/usr/lib/gcc-cross/aarch64-linux-gnu/11/../../../../aarch64-linux-gnu/bin/ld: source/fl-lib/linux-arm64/libfltk.a(fl_scroll_area.o): in function `fl_scroll(int, int, int, int, int, int, void (*)(void*, int, int, int, int), void*)':
fl_scroll_area.cxx:(.text._Z9fl_scrolliiiiiiPFvPviiiiES_+0x23c): undefined reference to `XCopyArea'
/usr/lib/gcc-cross/aarch64-linux-gnu/11/../../../../aarch64-linux-gnu/bin/ld: fl_scroll_area.cxx:(.text._Z9fl_scrolliiiiiiPFvPviiiiES_+0x26c): undefined reference to `XWindowEvent'
/usr/lib/gcc-cross/aarch64-linux-gnu/11/../../../../aarch64-linux-gnu/bin/ld: source/fl-lib/linux-arm64/libfltk.a(fl_shortcut.o): in function `fl_shortcut_label(unsigned int, char const**)':
fl_shortcut.cxx:(.text._Z17fl_shortcut_labeljPPKc+0x1c8): undefined reference to `XKeysymToString'
/usr/lib/gcc-cross/aarch64-linux-gnu/11/../../../../aarch64-linux-gnu/bin/ld: source/fl-lib/linux-arm64/libfltk.a(fl_shortcut.o): in function `fl_old_shortcut(char const*)':
fl_shortcut.cxx:(.text._Z15fl_old_shortcutPKc+0x16c): undefined reference to `__isoc23_strtol'
/usr/lib/gcc-cross/aarch64-linux-gnu/11/../../../../aarch64-linux-gnu/bin/ld: source/fl-lib/linux-arm64/libfltk.a(fl_vertex.o): in function `Fl_Graphics_Driver::end_points()':
fl_vertex.cxx:(.text._ZN18Fl_Graphics_Driver10end_pointsEv+0x5c): undefined reference to `XDrawPoints'
/usr/lib/gcc-cross/aarch64-linux-gnu/11/../../../../aarch64-linux-gnu/bin/ld: source/fl-lib/linux-arm64/libfltk.a(fl_vertex.o): in function `Fl_Graphics_Driver::end_line()':
fl_vertex.cxx:(.text._ZN18Fl_Graphics_Driver8end_lineEv+0x88): undefined reference to `XDrawLines'
/usr/lib/gcc-cross/aarch64-linux-gnu/11/../../../../aarch64-linux-gnu/bin/ld: source/fl-lib/linux-arm64/libfltk.a(fl_vertex.o): in function `Fl_Graphics_Driver::end_polygon()':
fl_vertex.cxx:(.text._ZN18Fl_Graphics_Driver11end_polygonEv+0x94): undefined reference to `XFillPolygon'
/usr/lib/gcc-cross/aarch64-linux-gnu/11/../../../../aarch64-linux-gnu/bin/ld: source/fl-lib/linux-arm64/libfltk.a(fl_vertex.o): in function `Fl_Graphics_Driver::end_complex_polygon()':
fl_vertex.cxx:(.text._ZN18Fl_Graphics_Driver19end_complex_polygonEv+0xa4): undefined reference to `XFillPolygon'
/usr/lib/gcc-cross/aarch64-linux-gnu/11/../../../../aarch64-linux-gnu/bin/ld: source/fl-lib/linux-arm64/libfltk.a(fl_vertex.o): in function `Fl_Graphics_Driver::circle(double, double, double)':
fl_vertex.cxx:(.text._ZN18Fl_Graphics_Driver6circleEddd+0x17c): undefined reference to `XFillArc'
/usr/lib/gcc-cross/aarch64-linux-gnu/11/../../../../aarch64-linux-gnu/bin/ld: fl_vertex.cxx:(.text._ZN18Fl_Graphics_Driver6circleEddd+0x180): undefined reference to `XFillArc'
/usr/lib/gcc-cross/aarch64-linux-gnu/11/../../../../aarch64-linux-gnu/bin/ld: fl_vertex.cxx:(.text._ZN18Fl_Graphics_Driver6circleEddd+0x188): undefined reference to `XDrawArc'
/usr/lib/gcc-cross/aarch64-linux-gnu/11/../../../../aarch64-linux-gnu/bin/ld: fl_vertex.cxx:(.text._ZN18Fl_Graphics_Driver6circleEddd+0x18c): undefined reference to `XDrawArc'
/usr/lib/gcc-cross/aarch64-linux-gnu/11/../../../../aarch64-linux-gnu/bin/ld: source/fl-lib/linux-arm64/libfltk.a(screen_xywh.o): in function `screen_init()':
screen_xywh.cxx:(.text._ZL11screen_initv+0x1c0): undefined reference to `XineramaIsActive'
/usr/lib/gcc-cross/aarch64-linux-gnu/11/../../../../aarch64-linux-gnu/bin/ld: screen_xywh.cxx:(.text._ZL11screen_initv+0x1f4): undefined reference to `XineramaQueryScreens'
/usr/lib/gcc-cross/aarch64-linux-gnu/11/../../../../aarch64-linux-gnu/bin/ld: screen_xywh.cxx:(.text._ZL11screen_initv+0x4cc): undefined reference to `XFree'
/usr/lib/gcc-cross/aarch64-linux-gnu/11/../../../../aarch64-linux-gnu/bin/ld: source/fl-lib/linux-arm64/libfltk.a(Fl_Bitmap.o): in function `fl_create_bitmask(int, int, unsigned char const*)':
Fl_Bitmap.cxx:(.text._Z17fl_create_bitmaskiiPKh+0x4c): undefined reference to `XCreateBitmapFromData'
/usr/lib/gcc-cross/aarch64-linux-gnu/11/../../../../aarch64-linux-gnu/bin/ld: source/fl-lib/linux-arm64/libfltk.a(Fl_Bitmap.o): in function `fl_delete_bitmask(unsigned long)':
Fl_Bitmap.cxx:(.text._Z17fl_delete_bitmaskm+0x1c): undefined reference to `XFreePixmap'
/usr/lib/gcc-cross/aarch64-linux-gnu/11/../../../../aarch64-linux-gnu/bin/ld: source/fl-lib/linux-arm64/libfltk.a(Fl_Bitmap.o): in function `Fl_Xlib_Graphics_Driver::draw(Fl_Bitmap*, int, int, int, int, int, int)':
Fl_Bitmap.cxx:(.text._ZN23Fl_Xlib_Graphics_Driver4drawEP9Fl_Bitmapiiiiii+0xcc): undefined reference to `XSetStipple'
/usr/lib/gcc-cross/aarch64-linux-gnu/11/../../../../aarch64-linux-gnu/bin/ld: Fl_Bitmap.cxx:(.text._ZN23Fl_Xlib_Graphics_Driver4drawEP9Fl_Bitmapiiiiii+0x160): undefined reference to `XSetTSOrigin'
/usr/lib/gcc-cross/aarch64-linux-gnu/11/../../../../aarch64-linux-gnu/bin/ld: Fl_Bitmap.cxx:(.text._ZN23Fl_Xlib_Graphics_Driver4drawEP9Fl_Bitmapiiiiii+0x188): undefined reference to `XSetFillStyle'
/usr/lib/gcc-cross/aarch64-linux-gnu/11/../../../../aarch64-linux-gnu/bin/ld: Fl_Bitmap.cxx:(.text._ZN23Fl_Xlib_Graphics_Driver4drawEP9Fl_Bitmapiiiiii+0x1d8): undefined reference to `XFillRectangle'
/usr/lib/gcc-cross/aarch64-linux-gnu/11/../../../../aarch64-linux-gnu/bin/ld: Fl_Bitmap.cxx:(.text._ZN23Fl_Xlib_Graphics_Driver4drawEP9Fl_Bitmapiiiiii+0x200): undefined reference to `XSetFillStyle'
/usr/lib/gcc-cross/aarch64-linux-gnu/11/../../../../aarch64-linux-gnu/bin/ld: source/fl-lib/linux-arm64/libfltk.a(Fl_Pixmap.o): in function `Fl_Pixmap::prepare(int, int, int, int, int&, int&, int&, int&, int&, int&)':
Fl_Pixmap.cxx:(.text._ZN9Fl_Pixmap7prepareEiiiiRiS0_S0_S0_S0_S0_+0x1a0): undefined reference to `XCreatePixmap'
/usr/lib/gcc-cross/aarch64-linux-gnu/11/../../../../aarch64-linux-gnu/bin/ld: Fl_Pixmap.cxx:(.text._ZN9Fl_Pixmap7prepareEiiiiRiS0_S0_S0_S0_S0_+0x21c): undefined reference to `XCreateGC'
/usr/lib/gcc-cross/aarch64-linux-gnu/11/../../../../aarch64-linux-gnu/bin/ld: Fl_Pixmap.cxx:(.text._ZN9Fl_Pixmap7prepareEiiiiRiS0_S0_S0_S0_S0_+0x334): undefined reference to `XFreeGC'
/usr/lib/gcc-cross/aarch64-linux-gnu/11/../../../../aarch64-linux-gnu/bin/ld: source/fl-lib/linux-arm64/libfltk.a(Fl_Pixmap.o): in function `Fl_Xlib_Graphics_Driver::draw(Fl_Pixmap*, int, int, int, int, int, int)':
Fl_Pixmap.cxx:(.text._ZN23Fl_Xlib_Graphics_Driver4drawEP9Fl_Pixmapiiiiii+0xdc): undefined reference to `XSetClipMask'
/usr/lib/gcc-cross/aarch64-linux-gnu/11/../../../../aarch64-linux-gnu/bin/ld: Fl_Pixmap.cxx:(.text._ZN23Fl_Xlib_Graphics_Driver4drawEP9Fl_Pixmapiiiiii+0x11c): undefined reference to `XSetClipOrigin'
/usr/lib/gcc-cross/aarch64-linux-gnu/11/../../../../aarch64-linux-gnu/bin/ld: Fl_Pixmap.cxx:(.text._ZN23Fl_Xlib_Graphics_Driver4drawEP9Fl_Pixmapiiiiii+0x16c): undefined reference to `XIntersectRegion'
/usr/lib/gcc-cross/aarch64-linux-gnu/11/../../../../aarch64-linux-gnu/bin/ld: Fl_Pixmap.cxx:(.text._ZN23Fl_Xlib_Graphics_Driver4drawEP9Fl_Pixmapiiiiii+0x2a4): undefined reference to `XDestroyRegion'
/usr/lib/gcc-cross/aarch64-linux-gnu/11/../../../../aarch64-linux-gnu/bin/ld: Fl_Pixmap.cxx:(.text._ZN23Fl_Xlib_Graphics_Driver4drawEP9Fl_Pixmapiiiiii+0x30c): undefined reference to `XSetClipOrigin'
/usr/lib/gcc-cross/aarch64-linux-gnu/11/../../../../aarch64-linux-gnu/bin/ld: source/fl-lib/linux-arm64/libfltk.a(Fl_Pixmap.o): in function `Fl_Pixmap::uncache()':
Fl_Pixmap.cxx:(.text._ZN9Fl_Pixmap7uncacheEv+0x3c): undefined reference to `XFreePixmap'
/usr/lib/gcc-cross/aarch64-linux-gnu/11/../../../../aarch64-linux-gnu/bin/ld: source/fl-lib/linux-arm64/libfltk.a(Fl_Pixmap.o): in function `Fl_Pixmap::copy_data()':
Fl_Pixmap.cxx:(.text._ZN9Fl_Pixmap9copy_dataEv+0x60): undefined reference to `__isoc23_sscanf'
/usr/lib/gcc-cross/aarch64-linux-gnu/11/../../../../aarch64-linux-gnu/bin/ld: source/fl-lib/linux-arm64/libfltk.a(Fl_Pixmap.o): in function `Fl_Pixmap::copy(int, int)':
Fl_Pixmap.cxx:(.text._ZN9Fl_Pixmap4copyEii+0xf4): undefined reference to `__isoc23_sscanf'
/usr/lib/gcc-cross/aarch64-linux-gnu/11/../../../../aarch64-linux-gnu/bin/ld: source/fl-lib/linux-arm64/libfltk.a(Fl_Pixmap.o): in function `Fl_Pixmap::color_average(unsigned int, float)':
Fl_Pixmap.cxx:(.text._ZN9Fl_Pixmap13color_averageEjf+0x138): undefined reference to `__isoc23_sscanf'
/usr/lib/gcc-cross/aarch64-linux-gnu/11/../../../../aarch64-linux-gnu/bin/ld: source/fl-lib/linux-arm64/libfltk.a(Fl_Pixmap.o): in function `Fl_Pixmap::set_data(char const* const*)':
Fl_Pixmap.cxx:(.text._ZN9Fl_Pixmap8set_dataEPKPKc+0x58): undefined reference to `__isoc23_sscanf'
/usr/lib/gcc-cross/aarch64-linux-gnu/11/../../../../aarch64-linux-gnu/bin/ld: source/fl-lib/linux-arm64/libfltk.a(Fl_Pixmap.o): in function `Fl_Pixmap::desaturate()':
Fl_Pixmap.cxx:(.text._ZN9Fl_Pixmap10desaturateEv+0x70): undefined reference to `__isoc23_sscanf'
/usr/lib/gcc-cross/aarch64-linux-gnu/11/../../../../aarch64-linux-gnu/bin/ld: source/fl-lib/linux-arm64/libfltk.a(Fl_XBM_Image.o):Fl_XBM_Image.cxx:(.text._ZN12Fl_XBM_ImageC2EPKc+0xec): more undefined references to `__isoc23_sscanf' follow
/usr/lib/gcc-cross/aarch64-linux-gnu/11/../../../../aarch64-linux-gnu/bin/ld: source/fl-lib/linux-arm64/libfltk.a(Fl_grab.o): in function `Fl::grab(Fl_Window*)':
Fl_grab.cxx:(.text._ZN2Fl4grabEP9Fl_Window+0xe4): undefined reference to `XGrabPointer'
/usr/lib/gcc-cross/aarch64-linux-gnu/11/../../../../aarch64-linux-gnu/bin/ld: Fl_grab.cxx:(.text._ZN2Fl4grabEP9Fl_Window+0x118): undefined reference to `XGrabKeyboard'
/usr/lib/gcc-cross/aarch64-linux-gnu/11/../../../../aarch64-linux-gnu/bin/ld: Fl_grab.cxx:(.text._ZN2Fl4grabEP9Fl_Window+0x194): undefined reference to `XUngrabKeyboard'
/usr/lib/gcc-cross/aarch64-linux-gnu/11/../../../../aarch64-linux-gnu/bin/ld: Fl_grab.cxx:(.text._ZN2Fl4grabEP9Fl_Window+0x1b8): undefined reference to `XUngrabPointer'
/usr/lib/gcc-cross/aarch64-linux-gnu/11/../../../../aarch64-linux-gnu/bin/ld: Fl_grab.cxx:(.text._ZN2Fl4grabEP9Fl_Window+0x1c8): undefined reference to `XFlush'
/usr/lib/gcc-cross/aarch64-linux-gnu/11/../../../../aarch64-linux-gnu/bin/ld: source/fl-lib/linux-arm64/libfltk.a(fl_arci.o): in function `Fl_Graphics_Driver::arc(int, int, int, int, double, double)':
fl_arci.cxx:(.text._ZN18Fl_Graphics_Driver3arcEiiiidd+0xc8): undefined reference to `XDrawArc'
/usr/lib/gcc-cross/aarch64-linux-gnu/11/../../../../aarch64-linux-gnu/bin/ld: source/fl-lib/linux-arm64/libfltk.a(fl_arci.o): in function `Fl_Graphics_Driver::pie(int, int, int, int, double, double)':
fl_arci.cxx:(.text._ZN18Fl_Graphics_Driver3pieEiiiidd+0xc8): undefined reference to `XDrawArc'
/usr/lib/gcc-cross/aarch64-linux-gnu/11/../../../../aarch64-linux-gnu/bin/ld: fl_arci.cxx:(.text._ZN18Fl_Graphics_Driver3pieEiiiidd+0x154): undefined reference to `XFillArc'
collect2: error: ld returned 1 exit status
Running command:
aarch64-linux-gnu-g++ -Isource -DUTF8PROC_STATIC source/main.cpp source/grapa/GrapaThread.cpp source/grapa/GrapaEncode.cpp source/grapa/GrapaFileCache.cpp source/grapa/GrapaInt.cpp source/grapa/GrapaConsole.cpp source/grapa/GrapaHash.cpp source/grapa/GrapaNet.cpp source/grapa/GrapaGroup.cpp source/grapa/GrapaFloat.cpp source/grapa/GrapaValue.cpp source/grapa/GrapaPrime.cpp source/grapa/GrapaState.cpp source/grapa/GrapaWidget.cpp source/grapa/GrapaTime.cpp source/grapa/GrapaNetConnect.cpp source/grapa/GrapaDB.cpp source/grapa/GrapaBtree.cpp source/grapa/GrapaVector.cpp source/grapa/GrapaLibRule.cpp source/grapa/GrapaFileIO.cpp source/grapa/GrapaSystem.cpp source/grapa/GrapaFileTree.cpp source/grapa/GrapaBtreeBlock.cpp source/grapa/GrapaTinyAES.cpp source/grapa/GrapaLink.cpp source/grapa/GrapaDatabase.cpp source/grapa/GrapaCompress.cpp source/grapa/GrapaObject.cpp source/utf8proc/utf8proc.c source/openssl-lib/linux-arm64/libcrypto.a source/openssl-lib/linux-arm64/libssl.a source/fl-lib/linux-arm64/libfltk.a source/fl-lib/linux-arm64/libfltk_gl.a source/fl-lib/linux-arm64/libfltk_forms.a source/fl-lib/linux-arm64/libfltk_images.a source/fl-lib/linux-arm64/libfltk_jpeg.a source/blst-lib/linux-arm64/libblst.a source/pcre2-lib/linux-arm64/libpcre2-8.a -Lsource/openssl-lib/linux-arm64 -std=c++17 -lcrypto -ldl -lm -static-libgcc -O3 -pthread -o grapa -L/usr/lib/aarch64-linux-gnu -L/usr/lib/x86_64-linux-gnu --sysroot=./arm64-root -I./arm64-root/usr/include -ljpeg -L./arm64-root/usr/lib/aarch64-linux-gnu -L./arm64-root/lib/aarch64-linux-gnu

Environment:
SELENIUM_JAR_PATH=/usr/share/java/selenium-server.jar
PKG_CONFIG_PATH=/opt/hostedtoolcache/Python/3.11.13/x64/lib/pkgconfig
GITHUB_PATH=/home/runner/work/_temp/_runner_file_commands/add_path_0ec9ed02-dad2-4884-bf4d-130f42905a2c
ACTIONS_RUNNER_ACTION_ARCHIVE_CACHE=/opt/actionarchivecache
CI_PLATFORM=linux-arm64
RUNNER_ARCH=X64
GITHUB_EVENT_PATH=/home/runner/work/_temp/_github_workflow/event.json
ACCEPT_EULA=Y
LD_LIBRARY_PATH=/opt/hostedtoolcache/Python/3.11.13/x64/lib
PATH=/opt/hostedtoolcache/Python/3.11.13/x64/bin:/opt/hostedtoolcache/Python/3.11.13/x64:/snap/bin:/home/runner/.local/bin:/opt/pipx_bin:/home/runner/.cargo/bin:/home/runner/.config/composer/vendor/bin:/usr/local/.ghcup/bin:/home/runner/.dotnet/tools:/usr/local/sbin:/usr/local/bin:/usr/sbin:/usr/bin:/sbin:/bin:/usr/games:/usr/local/games:/snap/bin
SWIFT_PATH=/usr/share/swift/usr/bin


Exit code: 1
Exception occurred: Build failed with exit code 1
