Determining if files OpenGL/glu.h exist failed with the following output:
Change Dir: /data/GitHub/grapa/dep/fltk-1.3.11/build_static/CMakeFiles/CMakeTmp

Run Build Command(s):/usr/bin/gmake -f Makefile cmTC_b24dc/fast && /usr/bin/gmake  -f CMakeFiles/cmTC_b24dc.dir/build.make CMakeFiles/cmTC_b24dc.dir/build
gmake[1]: Entering directory '/data/GitHub/grapa/dep/fltk-1.3.11/build_static/CMakeFiles/CMakeTmp'
Building C object CMakeFiles/cmTC_b24dc.dir/HAVE_OPENGL_GLU_H.c.o
/usr/bin/cc    -o CMakeFiles/cmTC_b24dc.dir/HAVE_OPENGL_GLU_H.c.o -c /data/GitHub/grapa/dep/fltk-1.3.11/build_static/CMakeFiles/CheckIncludeFiles/HAVE_OPENGL_GLU_H.c
/data/GitHub/grapa/dep/fltk-1.3.11/build_static/CMakeFiles/CheckIncludeFiles/HAVE_OPENGL_GLU_H.c:2:10: fatal error: OpenGL/glu.h: No such file or directory
    2 | #include <OpenGL/glu.h>
      |          ^~~~~~~~~~~~~~
compilation terminated.
gmake[1]: *** [CMakeFiles/cmTC_b24dc.dir/build.make:78: CMakeFiles/cmTC_b24dc.dir/HAVE_OPENGL_GLU_H.c.o] Error 1
gmake[1]: Leaving directory '/data/GitHub/grapa/dep/fltk-1.3.11/build_static/CMakeFiles/CMakeTmp'
gmake: *** [Makefile:127: cmTC_b24dc/fast] Error 2


Source:
/* */
#include <OpenGL/glu.h>


int main(void){return 0;}

Determining if files sys/stdtypes.h exist failed with the following output:
Change Dir: /data/GitHub/grapa/dep/fltk-1.3.11/build_static/CMakeFiles/CMakeTmp

Run Build Command(s):/usr/bin/gmake -f Makefile cmTC_59377/fast && /usr/bin/gmake  -f CMakeFiles/cmTC_59377.dir/build.make CMakeFiles/cmTC_59377.dir/build
gmake[1]: Entering directory '/data/GitHub/grapa/dep/fltk-1.3.11/build_static/CMakeFiles/CMakeTmp'
Building C object CMakeFiles/cmTC_59377.dir/HAVE_SYS_STDTYPES_H.c.o
/usr/bin/cc    -o CMakeFiles/cmTC_59377.dir/HAVE_SYS_STDTYPES_H.c.o -c /data/GitHub/grapa/dep/fltk-1.3.11/build_static/CMakeFiles/CheckIncludeFiles/HAVE_SYS_STDTYPES_H.c
/data/GitHub/grapa/dep/fltk-1.3.11/build_static/CMakeFiles/CheckIncludeFiles/HAVE_SYS_STDTYPES_H.c:2:10: fatal error: sys/stdtypes.h: No such file or directory
    2 | #include <sys/stdtypes.h>
      |          ^~~~~~~~~~~~~~~~
compilation terminated.
gmake[1]: *** [CMakeFiles/cmTC_59377.dir/build.make:78: CMakeFiles/cmTC_59377.dir/HAVE_SYS_STDTYPES_H.c.o] Error 1
gmake[1]: Leaving directory '/data/GitHub/grapa/dep/fltk-1.3.11/build_static/CMakeFiles/CMakeTmp'
gmake: *** [Makefile:127: cmTC_59377/fast] Error 2


Source:
/* */
#include <sys/stdtypes.h>


int main(void){return 0;}

Determining if the function strlcat exists failed with the following output:
Change Dir: /data/GitHub/grapa/dep/fltk-1.3.11/build_static/CMakeFiles/CMakeTmp

Run Build Command(s):/usr/bin/gmake -f Makefile cmTC_d5586/fast && /usr/bin/gmake  -f CMakeFiles/cmTC_d5586.dir/build.make CMakeFiles/cmTC_d5586.dir/build
gmake[1]: Entering directory '/data/GitHub/grapa/dep/fltk-1.3.11/build_static/CMakeFiles/CMakeTmp'
Building C object CMakeFiles/cmTC_d5586.dir/CheckFunctionExists.c.o
/usr/bin/cc   -DCHECK_FUNCTION_EXISTS=strlcat -o CMakeFiles/cmTC_d5586.dir/CheckFunctionExists.c.o -c /usr/share/cmake-3.22/Modules/CheckFunctionExists.c
Linking C executable cmTC_d5586
/usr/bin/cmake -E cmake_link_script CMakeFiles/cmTC_d5586.dir/link.txt --verbose=1
/usr/bin/cc  -DCHECK_FUNCTION_EXISTS=strlcat CMakeFiles/cmTC_d5586.dir/CheckFunctionExists.c.o -o cmTC_d5586 
/usr/bin/ld: CMakeFiles/cmTC_d5586.dir/CheckFunctionExists.c.o: in function `main':
CheckFunctionExists.c:(.text+0x10): undefined reference to `strlcat'
collect2: error: ld returned 1 exit status
gmake[1]: *** [CMakeFiles/cmTC_d5586.dir/build.make:99: cmTC_d5586] Error 1
gmake[1]: Leaving directory '/data/GitHub/grapa/dep/fltk-1.3.11/build_static/CMakeFiles/CMakeTmp'
gmake: *** [Makefile:127: cmTC_d5586/fast] Error 2



Determining if the function strlcpy exists failed with the following output:
Change Dir: /data/GitHub/grapa/dep/fltk-1.3.11/build_static/CMakeFiles/CMakeTmp

Run Build Command(s):/usr/bin/gmake -f Makefile cmTC_59373/fast && /usr/bin/gmake  -f CMakeFiles/cmTC_59373.dir/build.make CMakeFiles/cmTC_59373.dir/build
gmake[1]: Entering directory '/data/GitHub/grapa/dep/fltk-1.3.11/build_static/CMakeFiles/CMakeTmp'
Building C object CMakeFiles/cmTC_59373.dir/CheckFunctionExists.c.o
/usr/bin/cc   -DCHECK_FUNCTION_EXISTS=strlcpy -o CMakeFiles/cmTC_59373.dir/CheckFunctionExists.c.o -c /usr/share/cmake-3.22/Modules/CheckFunctionExists.c
Linking C executable cmTC_59373
/usr/bin/cmake -E cmake_link_script CMakeFiles/cmTC_59373.dir/link.txt --verbose=1
/usr/bin/cc  -DCHECK_FUNCTION_EXISTS=strlcpy CMakeFiles/cmTC_59373.dir/CheckFunctionExists.c.o -o cmTC_59373 
/usr/bin/ld: CMakeFiles/cmTC_59373.dir/CheckFunctionExists.c.o: in function `main':
CheckFunctionExists.c:(.text+0x10): undefined reference to `strlcpy'
collect2: error: ld returned 1 exit status
gmake[1]: *** [CMakeFiles/cmTC_59373.dir/build.make:99: cmTC_59373] Error 1
gmake[1]: Leaving directory '/data/GitHub/grapa/dep/fltk-1.3.11/build_static/CMakeFiles/CMakeTmp'
gmake: *** [Makefile:127: cmTC_59373/fast] Error 2



